Component: ARM Compiler 5.06 update 6 (build 750) Tool: armlink [4d35ed]

==============================================================================

Section Cross References

    startup_stm32f103xb.o(RESET) refers to startup_stm32f103xb.o(STACK) for __initial_sp
    startup_stm32f103xb.o(RESET) refers to startup_stm32f103xb.o(.text) for Reset_Handler
    startup_stm32f103xb.o(RESET) refers to stm32f1xx_it.o(i.NMI_Handler) for NMI_Handler
    startup_stm32f103xb.o(RESET) refers to stm32f1xx_it.o(i.HardFault_Handler) for HardFault_Handler
    startup_stm32f103xb.o(RESET) refers to stm32f1xx_it.o(i.MemManage_Handler) for MemManage_Handler
    startup_stm32f103xb.o(RESET) refers to stm32f1xx_it.o(i.BusFault_Handler) for BusFault_Handler
    startup_stm32f103xb.o(RESET) refers to stm32f1xx_it.o(i.UsageFault_Handler) for UsageFault_Handler
    startup_stm32f103xb.o(RESET) refers to stm32f1xx_it.o(i.SVC_Handler) for SVC_Handler
    startup_stm32f103xb.o(RESET) refers to stm32f1xx_it.o(i.DebugMon_Handler) for DebugMon_Handler
    startup_stm32f103xb.o(RESET) refers to stm32f1xx_it.o(i.PendSV_Handler) for PendSV_Handler
    startup_stm32f103xb.o(RESET) refers to stm32f1xx_it.o(i.SysTick_Handler) for SysTick_Handler
    startup_stm32f103xb.o(RESET) refers to stm32f1xx_it.o(i.EXTI0_IRQHandler) for EXTI0_IRQHandler
    startup_stm32f103xb.o(RESET) refers to stm32f1xx_it.o(i.EXTI1_IRQHandler) for EXTI1_IRQHandler
    startup_stm32f103xb.o(RESET) refers to stm32f1xx_it.o(i.EXTI2_IRQHandler) for EXTI2_IRQHandler
    startup_stm32f103xb.o(RESET) refers to stm32f1xx_it.o(i.EXTI3_IRQHandler) for EXTI3_IRQHandler
    startup_stm32f103xb.o(RESET) refers to stm32f1xx_it.o(i.EXTI4_IRQHandler) for EXTI4_IRQHandler
    startup_stm32f103xb.o(RESET) refers to stm32f1xx_it.o(i.ADC1_2_IRQHandler) for ADC1_2_IRQHandler
    startup_stm32f103xb.o(RESET) refers to stm32f1xx_it.o(i.EXTI9_5_IRQHandler) for EXTI9_5_IRQHandler
    startup_stm32f103xb.o(RESET) refers to stm32f1xx_it.o(i.TIM1_CC_IRQHandler) for TIM1_CC_IRQHandler
    startup_stm32f103xb.o(RESET) refers to stm32f1xx_it.o(i.TIM3_IRQHandler) for TIM3_IRQHandler
    startup_stm32f103xb.o(RESET) refers to stm32f1xx_it.o(i.USART1_IRQHandler) for USART1_IRQHandler
    startup_stm32f103xb.o(RESET) refers to stm32f1xx_it.o(i.USART3_IRQHandler) for USART3_IRQHandler
    startup_stm32f103xb.o(.text) refers to system_stm32f1xx.o(i.SystemInit) for SystemInit
    startup_stm32f103xb.o(.text) refers to entry.o(.ARM.Collect$$$$00000000) for __main
    main.o(i.BUZZER_ON_OFF) refers to stm32f1xx_hal_gpio.o(i.HAL_GPIO_WritePin) for HAL_GPIO_WritePin
    main.o(i.BUZZER_ON_OFF) refers to stm32f1xx_hal.o(i.HAL_Delay) for HAL_Delay
    main.o(i.DWT_Delay_ms) refers to stm32f1xx_hal_rcc.o(i.HAL_RCC_GetHCLKFreq) for HAL_RCC_GetHCLKFreq
    main.o(i.FLASH_UPDATE) refers to stm32f1xx_hal_flash.o(i.HAL_FLASH_Unlock) for HAL_FLASH_Unlock
    main.o(i.FLASH_UPDATE) refers to stm32f1xx_hal_flash_ex.o(i.HAL_FLASHEx_Erase) for HAL_FLASHEx_Erase
    main.o(i.FLASH_UPDATE) refers to stm32f1xx_hal_flash.o(i.HAL_FLASH_Program) for HAL_FLASH_Program
    main.o(i.FLASH_UPDATE) refers to stm32f1xx_hal_flash.o(i.HAL_FLASH_Lock) for HAL_FLASH_Lock
    main.o(i.FLASH_UPDATE) refers to stm32f1xx_hal_gpio.o(i.HAL_GPIO_WritePin) for HAL_GPIO_WritePin
    main.o(i.FLASH_UPDATE) refers to stm32f1xx_hal.o(i.HAL_Delay) for HAL_Delay
    main.o(i.FLASH_UPDATE) refers to main.o(.bss) for .bss
    main.o(i.FLASH_UPDATE) refers to main.o(.data) for .data
    main.o(i.HAL_GPIO_EXTI_Callback) refers to memseta.o(.text) for __aeabi_memclr4
    main.o(i.HAL_GPIO_EXTI_Callback) refers to ffltui.o(.text) for __aeabi_ui2f
    main.o(i.HAL_GPIO_EXTI_Callback) refers to fmul.o(.text) for __aeabi_fmul
    main.o(i.HAL_GPIO_EXTI_Callback) refers to f2d.o(.text) for __aeabi_f2d
    main.o(i.HAL_GPIO_EXTI_Callback) refers to ceil.o(i.ceil) for ceil
    main.o(i.HAL_GPIO_EXTI_Callback) refers to ddiv.o(.text) for __aeabi_ddiv
    main.o(i.HAL_GPIO_EXTI_Callback) refers to d2f.o(.text) for __aeabi_d2f
    main.o(i.HAL_GPIO_EXTI_Callback) refers to main.o(i.SOL_RUN) for SOL_RUN
    main.o(i.HAL_GPIO_EXTI_Callback) refers to main.o(i.SOL_RUN_OFF) for SOL_RUN_OFF
    main.o(i.HAL_GPIO_EXTI_Callback) refers to fadd.o(.text) for __aeabi_frsub
    main.o(i.HAL_GPIO_EXTI_Callback) refers to cfcmple.o(.text) for __aeabi_cfcmple
    main.o(i.HAL_GPIO_EXTI_Callback) refers to cfrcmple.o(.text) for __aeabi_cfrcmple
    main.o(i.HAL_GPIO_EXTI_Callback) refers to main.o(.data) for .data
    main.o(i.HAL_GPIO_EXTI_Callback) refers to main.o(.bss) for .bss
    main.o(i.HAL_GPIO_EXTI_Callback) refers to memmovea.o(.text) for __aeabi_memmove
    main.o(i.HAL_GPIO_EXTI_Callback) refers to stm32f1xx_hal_uart.o(i.HAL_UART_Transmit) for HAL_UART_Transmit
    main.o(i.HAL_GPIO_EXTI_Callback) refers to main.o(i.DWT_Delay_ms) for DWT_Delay_ms
[...]
    Removing stm32f1xx_hal_tim_ex.o(i.TIMEx_DMACommutationCplt), (16 bytes).
    Removing stm32f1xx_hal_tim_ex.o(i.TIM_CCxNChannelCmd), (22 bytes).
    Removing stm32f1xx_hal_uart.o(.rev16_text), (4 bytes).
    Removing stm32f1xx_hal_uart.o(.revsh_text), (4 bytes).
    Removing stm32f1xx_hal_uart.o(.rrx_text), (6 bytes).
    Removing stm32f1xx_hal_uart.o(i.HAL_HalfDuplex_EnableReceiver), (50 bytes).
    Removing stm32f1xx_hal_uart.o(i.HAL_HalfDuplex_EnableTransmitter), (50 bytes).
    Removing stm32f1xx_hal_uart.o(i.HAL_HalfDuplex_Init), (108 bytes).
    Removing stm32f1xx_hal_uart.o(i.HAL_LIN_Init), (122 bytes).
    Removing stm32f1xx_hal_uart.o(i.HAL_LIN_SendBreak), (46 bytes).
    Removing stm32f1xx_hal_uart.o(i.HAL_MultiProcessor_EnterMuteMode), (46 bytes).
    Removing stm32f1xx_hal_uart.o(i.HAL_MultiProcessor_ExitMuteMode), (46 bytes).
    Removing stm32f1xx_hal_uart.o(i.HAL_MultiProcessor_Init), (130 bytes).
    Removing stm32f1xx_hal_uart.o(i.HAL_UART_Abort), (104 bytes).
    Removing stm32f1xx_hal_uart.o(i.HAL_UART_AbortCpltCallback), (2 bytes).
    Removing stm32f1xx_hal_uart.o(i.HAL_UART_AbortReceive), (68 bytes).
    Removing stm32f1xx_hal_uart.o(i.HAL_UART_AbortReceiveCpltCallback), (2 bytes).
    Removing stm32f1xx_hal_uart.o(i.HAL_UART_AbortReceive_IT), (92 bytes).
    Removing stm32f1xx_hal_uart.o(i.HAL_UART_AbortTransmit), (58 bytes).
    Removing stm32f1xx_hal_uart.o(i.HAL_UART_AbortTransmitCpltCallback), (2 bytes).
    Removing stm32f1xx_hal_uart.o(i.HAL_UART_AbortTransmit_IT), (84 bytes).
    Removing stm32f1xx_hal_uart.o(i.HAL_UART_Abort_IT), (172 bytes).
    Removing stm32f1xx_hal_uart.o(i.HAL_UART_DMAPause), (102 bytes).
    Removing stm32f1xx_hal_uart.o(i.HAL_UART_DMAResume), (94 bytes).
    Removing stm32f1xx_hal_uart.o(i.HAL_UART_DMAStop), (88 bytes).
    Removing stm32f1xx_hal_uart.o(i.HAL_UART_DeInit), (40 bytes).
    Removing stm32f1xx_hal_uart.o(i.HAL_UART_GetError), (4 bytes).
    Removing stm32f1xx_hal_uart.o(i.HAL_UART_GetState), (10 bytes).
    Removing stm32f1xx_hal_uart.o(i.HAL_UART_MspDeInit), (2 bytes).
    Removing stm32f1xx_hal_uart.o(i.HAL_UART_MspInit), (2 bytes).
    Removing stm32f1xx_hal_uart.o(i.HAL_UART_Receive), (184 bytes).
    Removing stm32f1xx_hal_uart.o(i.HAL_UART_Receive_DMA), (152 bytes).
    Removing stm32f1xx_hal_uart.o(i.HAL_UART_RxCpltCallback), (2 bytes).
    Removing stm32f1xx_hal_uart.o(i.HAL_UART_RxHalfCpltCallback), (2 bytes).
    Removing stm32f1xx_hal_uart.o(i.HAL_UART_Transmit_DMA), (128 bytes).
    Removing stm32f1xx_hal_uart.o(i.HAL_UART_Transmit_IT), (62 bytes).
    Removing stm32f1xx_hal_uart.o(i.HAL_UART_TxHalfCpltCallback), (2 bytes).
    Removing stm32f1xx_hal_uart.o(i.UART_DMAError), (74 bytes).
    Removing stm32f1xx_hal_uart.o(i.UART_DMAReceiveCplt), (60 bytes).
    Removing stm32f1xx_hal_uart.o(i.UART_DMARxAbortCallback), (42 bytes).
    Removing stm32f1xx_hal_uart.o(i.UART_DMARxHalfCplt), (10 bytes).
    Removing stm32f1xx_hal_uart.o(i.UART_DMARxOnlyAbortCallback), (20 bytes).
    Removing stm32f1xx_hal_uart.o(i.UART_DMATransmitCplt), (46 bytes).
    Removing stm32f1xx_hal_uart.o(i.UART_DMATxAbortCallback), (42 bytes).
    Removing stm32f1xx_hal_uart.o(i.UART_DMATxHalfCplt), (10 bytes).
    Removing stm32f1xx_hal_uart.o(i.UART_DMATxOnlyAbortCallback), (20 bytes).
    Removing stm32f1xx_hal_uart.o(i.UART_EndTxTransfer), (18 bytes).
    Removing stm32f1xx_hal.o(.rev16_text), (4 bytes).
    Removing stm32f1xx_hal.o(.revsh_text), (4 bytes).
    Removing stm32f1xx_hal.o(.rrx_text), (6 bytes).
    Removing stm32f1xx_hal.o(i.HAL_DBGMCU_DisableDBGSleepMode), (16 bytes).
    Removing stm32f1xx_hal.o(i.HAL_DBGMCU_DisableDBGStandbyMode), (16 bytes).
    Removing stm32f1xx_hal.o(i.HAL_DBGMCU_DisableDBGStopMode), (16 bytes).
    Removing stm32f1xx_hal.o(i.HAL_DBGMCU_EnableDBGSleepMode), (16 bytes).
    Removing stm32f1xx_hal.o(i.HAL_DBGMCU_EnableDBGStandbyMode), (16 bytes).
    Removing stm32f1xx_hal.o(i.HAL_DBGMCU_EnableDBGStopMode), (16 bytes).
    Removing stm32f1xx_hal.o(i.HAL_DeInit), (32 bytes).
    Removing stm32f1xx_hal.o(i.HAL_GetDEVID), (16 bytes).
    Removing stm32f1xx_hal.o(i.HAL_GetHalVersion), (8 bytes).
    Removing stm32f1xx_hal.o(i.HAL_GetREVID), (12 bytes).
    Removing stm32f1xx_hal.o(i.HAL_GetTickFreq), (12 bytes).
    Removing stm32f1xx_hal.o(i.HAL_GetTickPrio), (12 bytes).
    Removing stm32f1xx_hal.o(i.HAL_GetUID), (28 bytes).
    Removing stm32f1xx_hal.o(i.HAL_MspDeInit), (2 bytes).
    Removing stm32f1xx_hal.o(i.HAL_MspInit), (2 bytes).
    Removing stm32f1xx_hal.o(i.HAL_ResumeTick), (14 bytes).
    Removing stm32f1xx_hal.o(i.HAL_SetTickFreq), (28 bytes).
    Removing stm32f1xx_hal.o(i.HAL_SuspendTick), (14 bytes).
    Removing stm32f1xx_hal_rcc.o(.rev16_text), (4 bytes).
    Removing stm32f1xx_hal_rcc.o(.revsh_text), (4 bytes).
    Removing stm32f1xx_hal_rcc.o(.rrx_text), (6 bytes).
    Removing stm32f1xx_hal_rcc.o(i.HAL_RCC_CSSCallback), (2 bytes).
    Removing stm32f1xx_hal_rcc.o(i.HAL_RCC_DeInit), (216 bytes).
    Removing stm32f1xx_hal_rcc.o(i.HAL_RCC_DisableCSS), (12 bytes).
    Removing stm32f1xx_hal_rcc.o(i.HAL_RCC_EnableCSS), (12 bytes).
    Removing stm32f1xx_hal_rcc.o(i.HAL_RCC_GetClockConfig), (64 bytes).
    Removing stm32f1xx_hal_rcc.o(i.HAL_RCC_GetOscConfig), (144 bytes).
    Removing stm32f1xx_hal_rcc.o(i.HAL_RCC_MCOConfig), (72 bytes).
    Removing stm32f1xx_hal_rcc.o(i.HAL_RCC_NMI_IRQHandler), (24 bytes).
    Removing stm32f1xx_hal_rcc_ex.o(.rev16_text), (4 bytes).
    Removing stm32f1xx_hal_rcc_ex.o(.revsh_text), (4 bytes).
    Removing stm32f1xx_hal_rcc_ex.o(.rrx_text), (6 bytes).
    Removing stm32f1xx_hal_rcc_ex.o(i.HAL_RCCEx_GetPeriphCLKConfig), (44 bytes).
    Removing stm32f1xx_hal_rcc_ex.o(i.HAL_RCCEx_GetPeriphCLKFreq), (200 bytes).
    Removing stm32f1xx_hal_gpio.o(.rev16_text), (4 bytes).
    Removing stm32f1xx_hal_gpio.o(.revsh_text), (4 bytes).
    Removing stm32f1xx_hal_gpio.o(.rrx_text), (6 bytes).
    Removing stm32f1xx_hal_gpio.o(i.HAL_GPIO_DeInit), (228 bytes).
    Removing stm32f1xx_hal_gpio.o(i.HAL_GPIO_EXTI_Callback), (2 bytes).
    Removing stm32f1xx_hal_gpio.o(i.HAL_GPIO_LockPin), (34 bytes).
    Removing stm32f1xx_hal_gpio.o(i.HAL_GPIO_TogglePin), (8 bytes).
    Removing stm32f1xx_hal_dma.o(.rev16_text), (4 bytes).
    Removing stm32f1xx_hal_dma.o(.revsh_text), (4 bytes).
    Removing stm32f1xx_hal_dma.o(.rrx_text), (6 bytes).
    Removing stm32f1xx_hal_dma.o(i.DMA_SetConfig), (42 bytes).
    Removing stm32f1xx_hal_dma.o(i.HAL_DMA_Abort), (48 bytes).
    Removing stm32f1xx_hal_dma.o(i.HAL_DMA_DeInit), (92 bytes).
    Removing stm32f1xx_hal_dma.o(i.HAL_DMA_GetError), (4 bytes).
    Removing stm32f1xx_hal_dma.o(i.HAL_DMA_GetState), (6 bytes).
    Removing stm32f1xx_hal_dma.o(i.HAL_DMA_IRQHandler), (340 bytes).
    Removing stm32f1xx_hal_dma.o(i.HAL_DMA_Init), (92 bytes).
    Removing stm32f1xx_hal_dma.o(i.HAL_DMA_PollForTransfer), (532 bytes).
    Removing stm32f1xx_hal_dma.o(i.HAL_DMA_RegisterCallback), (74 bytes).
    Removing stm32f1xx_hal_dma.o(i.HAL_DMA_Start), (80 bytes).
    Removing stm32f1xx_hal_dma.o(i.HAL_DMA_Start_IT), (112 bytes).
    Removing stm32f1xx_hal_dma.o(i.HAL_DMA_UnRegisterCallback), (82 bytes).
    Removing stm32f1xx_hal_cortex.o(.rev16_text), (4 bytes).
    Removing stm32f1xx_hal_cortex.o(.revsh_text), (4 bytes).
    Removing stm32f1xx_hal_cortex.o(.rrx_text), (6 bytes).
    Removing stm32f1xx_hal_cortex.o(i.HAL_NVIC_ClearPendingIRQ), (22 bytes).
    Removing stm32f1xx_hal_cortex.o(i.HAL_NVIC_DisableIRQ), (22 bytes).
    Removing stm32f1xx_hal_cortex.o(i.HAL_NVIC_GetActive), (32 bytes).
    Removing stm32f1xx_hal_cortex.o(i.HAL_NVIC_GetPendingIRQ), (32 bytes).
    Removing stm32f1xx_hal_cortex.o(i.HAL_NVIC_GetPriority), (82 bytes).
    Removing stm32f1xx_hal_cortex.o(i.HAL_NVIC_GetPriorityGrouping), (16 bytes).
    Removing stm32f1xx_hal_cortex.o(i.HAL_NVIC_SetPendingIRQ), (22 bytes).
    Removing stm32f1xx_hal_cortex.o(i.HAL_NVIC_SystemReset), (36 bytes).
    Removing stm32f1xx_hal_cortex.o(i.HAL_SYSTICK_CLKSourceConfig), (24 bytes).
    Removing stm32f1xx_hal_cortex.o(i.HAL_SYSTICK_Callback), (2 bytes).
    Removing stm32f1xx_hal_cortex.o(i.HAL_SYSTICK_IRQHandler), (8 bytes).
    Removing stm32f1xx_hal_pwr.o(.rev16_text), (4 bytes).
    Removing stm32f1xx_hal_pwr.o(.revsh_text), (4 bytes).
    Removing stm32f1xx_hal_pwr.o(.rrx_text), (6 bytes).
    Removing stm32f1xx_hal_pwr.o(i.HAL_PWR_ConfigPVD), (124 bytes).
    Removing stm32f1xx_hal_pwr.o(i.HAL_PWR_DeInit), (24 bytes).
    Removing stm32f1xx_hal_pwr.o(i.HAL_PWR_DisableBkUpAccess), (12 bytes).
    Removing stm32f1xx_hal_pwr.o(i.HAL_PWR_DisablePVD), (12 bytes).
    Removing stm32f1xx_hal_pwr.o(i.HAL_PWR_DisableSEVOnPend), (16 bytes).
    Removing stm32f1xx_hal_pwr.o(i.HAL_PWR_DisableSleepOnExit), (16 bytes).
    Removing stm32f1xx_hal_pwr.o(i.HAL_PWR_DisableWakeUpPin), (28 bytes).
    Removing stm32f1xx_hal_pwr.o(i.HAL_PWR_EnableBkUpAccess), (12 bytes).
    Removing stm32f1xx_hal_pwr.o(i.HAL_PWR_EnablePVD), (12 bytes).
    Removing stm32f1xx_hal_pwr.o(i.HAL_PWR_EnableSEVOnPend), (16 bytes).
    Removing stm32f1xx_hal_pwr.o(i.HAL_PWR_EnableSleepOnExit), (16 bytes).
    Removing stm32f1xx_hal_pwr.o(i.HAL_PWR_EnableWakeUpPin), (28 bytes).
    Removing stm32f1xx_hal_pwr.o(i.HAL_PWR_EnterSLEEPMode), (32 bytes).
    Removing stm32f1xx_hal_pwr.o(i.HAL_PWR_EnterSTANDBYMode), (32 bytes).
    Removing stm32f1xx_hal_pwr.o(i.HAL_PWR_EnterSTOPMode), (68 bytes).
    Removing stm32f1xx_hal_pwr.o(i.HAL_PWR_PVDCallback), (2 bytes).
    Removing stm32f1xx_hal_pwr.o(i.HAL_PWR_PVD_IRQHandler), (28 bytes).
    Removing stm32f1xx_hal_pwr.o(i.PWR_OverloadWfe), (6 bytes).
    Removing stm32f1xx_hal_flash.o(.rev16_text), (4 bytes).
    Removing stm32f1xx_hal_flash.o(.revsh_text), (4 bytes).
    Removing stm32f1xx_hal_flash.o(.rrx_text), (6 bytes).
    Removing stm32f1xx_hal_flash.o(i.HAL_FLASH_EndOfOperationCallback), (2 bytes).
    Removing stm32f1xx_hal_flash.o(i.HAL_FLASH_GetError), (12 bytes).
    Removing stm32f1xx_hal_flash.o(i.HAL_FLASH_IRQHandler), (264 bytes).
    Removing stm32f1xx_hal_flash.o(i.HAL_FLASH_OB_Launch), (4 bytes).
    Removing stm32f1xx_hal_flash.o(i.HAL_FLASH_OB_Lock), (20 bytes).
    Removing stm32f1xx_hal_flash.o(i.HAL_FLASH_OB_Unlock), (36 bytes).
    Removing stm32f1xx_hal_flash.o(i.HAL_FLASH_OperationErrorCallback), (2 bytes).
    Removing stm32f1xx_hal_flash.o(i.HAL_FLASH_Program_IT), (100 bytes).
    Removing stm32f1xx_hal_flash_ex.o(.rev16_text), (4 bytes).
    Removing stm32f1xx_hal_flash_ex.o(.revsh_text), (4 bytes).
    Removing stm32f1xx_hal_flash_ex.o(.rrx_text), (6 bytes).
    Removing stm32f1xx_hal_flash_ex.o(i.FLASH_OB_DisableWRP), (176 bytes).
    Removing stm32f1xx_hal_flash_ex.o(i.FLASH_OB_EnableWRP), (176 bytes).
    Removing stm32f1xx_hal_flash_ex.o(i.FLASH_OB_GetRDP), (24 bytes).
    Removing stm32f1xx_hal_flash_ex.o(i.FLASH_OB_RDP_LevelConfig), (100 bytes).
    Removing stm32f1xx_hal_flash_ex.o(i.HAL_FLASHEx_Erase_IT), (84 bytes).
    Removing stm32f1xx_hal_flash_ex.o(i.HAL_FLASHEx_OBErase), (84 bytes).
    Removing stm32f1xx_hal_flash_ex.o(i.HAL_FLASHEx_OBGetConfig), (36 bytes).
    Removing stm32f1xx_hal_flash_ex.o(i.HAL_FLASHEx_OBGetUserData), (32 bytes).
    Removing stm32f1xx_hal_flash_ex.o(i.HAL_FLASHEx_OBProgram), (200 bytes).
    Removing system_stm32f1xx.o(.rev16_text), (4 bytes).
    Removing system_stm32f1xx.o(.revsh_text), (4 bytes).
    Removing system_stm32f1xx.o(.rrx_text), (6 bytes).
    Removing system_stm32f1xx.o(i.SystemCoreClockUpdate), (116 bytes).

382 unused section(s) (total 21909 bytes) removed from the image.

==============================================================================

Image Symbol Table

    Local Symbols

    Symbol Name                              Value     Ov Type        Size  Object(Section)

    ../Drivers/STM32F1xx_HAL_Driver/Src/stm32f1xx_hal.c 0x00000000   Number         0  stm32f1xx_hal.o ABSOLUTE
    ../Drivers/STM32F1xx_HAL_Driver/Src/stm32f1xx_hal_adc.c 0x00000000   Number         0  stm32f1xx_hal_adc.o ABSOLUTE
    ../Drivers/STM32F1xx_HAL_Driver/Src/stm32f1xx_hal_adc_ex.c 0x00000000   Number         0  stm32f1xx_hal_adc_ex.o ABSOLUTE
    ../Drivers/STM32F1xx_HAL_Driver/Src/stm32f1xx_hal_cortex.c 0x00000000   Number         0  stm32f1xx_hal_cortex.o ABSOLUTE
    ../Drivers/STM32F1xx_HAL_Driver/Src/stm32f1xx_hal_dma.c 0x00000000   Number         0  stm32f1xx_hal_dma.o ABSOLUTE
    ../Drivers/STM32F1xx_HAL_Driver/Src/stm32f1xx_hal_flash.c 0x00000000   Number         0  stm32f1xx_hal_flash.o ABSOLUTE
    ../Drivers/STM32F1xx_HAL_Driver/Src/stm32f1xx_hal_flash_ex.c 0x00000000   Number         0  stm32f1xx_hal_flash_ex.o ABSOLUTE
    ../Drivers/STM32F1xx_HAL_Driver/Src/stm32f1xx_hal_gpio.c 0x00000000   Number         0  stm32f1xx_hal_gpio.o ABSOLUTE
    ../Drivers/STM32F1xx_HAL_Driver/Src/stm32f1xx_hal_gpio_ex.c 0x00000000   Number         0  stm32f1xx_hal_gpio_ex.o ABSOLUTE
    ../Drivers/STM32F1xx_HAL_Driver/Src/stm32f1xx_hal_pwr.c 0x00000000   Number         0  stm32f1xx_hal_pwr.o ABSOLUTE
    ../Drivers/STM32F1xx_HAL_Driver/Src/stm32f1xx_hal_rcc.c 0x00000000   Number         0  stm32f1xx_hal_rcc.o ABSOLUTE
    ../Drivers/STM32F1xx_HAL_Driver/Src/stm32f1xx_hal_rcc_ex.c 0x00000000   Number         0  stm32f1xx_hal_rcc_ex.o ABSOLUTE
    ../Drivers/STM32F1xx_HAL_Driver/Src/stm32f1xx_hal_tim.c 0x00000000   Number         0  stm32f1xx_hal_tim.o ABSOLUTE
    ../Drivers/STM32F1xx_HAL_Driver/Src/stm32f1xx_hal_tim_ex.c 0x00000000   Number         0  stm32f1xx_hal_tim_ex.o ABSOLUTE
    ../Drivers/STM32F1xx_HAL_Driver/Src/stm32f1xx_hal_uart.c 0x00000000   Number         0  stm32f1xx_hal_uart.o ABSOLUTE
    ../Src/main.c                            0x00000000   Number         0  main.o ABSOLUTE
    ../Src/stm32f1xx_hal_msp.c               0x00000000   Number         0  stm32f1xx_hal_msp.o ABSOLUTE
    ../Src/stm32f1xx_it.c                    0x00000000   Number         0  stm32f1xx_it.o ABSOLUTE
    ../Src/system_stm32f1xx.c                0x00000000   Number         0  system_stm32f1xx.o ABSOLUTE
    ../clib/microlib/init/entry.s            0x00000000   Number         0  entry2.o ABSOLUTE
    ../clib/microlib/init/entry.s            0x00000000   Number         0  entry8a.o ABSOLUTE
    ../clib/microlib/init/entry.s            0x00000000   Number         0  entry7a.o ABSOLUTE
    ../clib/microlib/init/entry.s            0x00000000   Number         0  entry5.o ABSOLUTE
    ../clib/microlib/init/entry.s            0x00000000   Number         0  entry8b.o ABSOLUTE
    ../clib/microlib/init/entry.s            0x00000000   Number         0  entry.o ABSOLUTE
    ../clib/microlib/init/entry.s            0x00000000   Number         0  entry9a.o ABSOLUTE
    ../clib/microlib/init/entry.s            0x00000000   Number         0  entry9b.o ABSOLUTE
    ../clib/microlib/init/entry.s            0x00000000   Number         0  entry10a.o ABSOLUTE
    ../clib/microlib/init/entry.s            0x00000000   Number         0  entry10b.o ABSOLUTE
    ../clib/microlib/init/entry.s            0x00000000   Number         0  entry11a.o ABSOLUTE
    ../clib/microlib/init/entry.s            0x00000000   Number         0  entry11b.o ABSOLUTE
    ../clib/microlib/init/entry.s            0x00000000   Number         0  entry7b.o ABSOLUTE
    ../clib/microlib/longlong.c              0x00000000   Number         0  llushr.o ABSOLUTE
    ../clib/microlib/longlong.c              0x00000000   Number         0  llsshr.o ABSOLUTE
    ../clib/microlib/longlong.c              0x00000000   Number         0  llshl.o ABSOLUTE
    ../clib/microlib/string/memcpy.c         0x00000000   Number         0  memmovea.o ABSOLUTE
    ../clib/microlib/string/memcpy.c         0x00000000   Number         0  memmoveb.o ABSOLUTE
    ../clib/microlib/string/memcpy.c         0x00000000   Number         0  memcpyb.o ABSOLUTE
    ../clib/microlib/string/memcpy.c         0x00000000   Number         0  memcpya.o ABSOLUTE
    ../clib/microlib/string/memset.c         0x00000000   Number         0  memseta.o ABSOLUTE
    ../clib/microlib/stubs.s                 0x00000000   Number         0  iusefp.o ABSOLUTE
    ../fplib/microlib/d2f.c                  0x00000000   Number         0  d2f.o ABSOLUTE
    ../fplib/microlib/f2d.c                  0x00000000   Number         0  f2d.o ABSOLUTE
    ../fplib/microlib/fpadd.c                0x00000000   Number         0  fadd.o ABSOLUTE
    ../fplib/microlib/fpadd.c                0x00000000   Number         0  dadd.o ABSOLUTE
    ../fplib/microlib/fpdiv.c                0x00000000   Number         0  ddiv.o ABSOLUTE
    ../fplib/microlib/fpdiv.c                0x00000000   Number         0  fdiv.o ABSOLUTE
    ../fplib/microlib/fpepilogue.c           0x00000000   Number         0  fepilogue.o ABSOLUTE
    ../fplib/microlib/fpepilogue.c           0x00000000   Number         0  depilogue.o ABSOLUTE
    ../fplib/microlib/fpfix.c                0x00000000   Number         0  dfixui.o ABSOLUTE
    ../fplib/microlib/fpflt.c                0x00000000   Number         0  ffltui.o ABSOLUTE
    ../fplib/microlib/fpflt.c                0x00000000   Number         0  fflti.o ABSOLUTE
    ../fplib/microlib/fpflt.c                0x00000000   Number         0  dfltui.o ABSOLUTE
    ../fplib/microlib/fpmul.c                0x00000000   Number         0  fmul.o ABSOLUTE
    ../mathlib/ceil.c                        0x00000000   Number         0  ceil.o ABSOLUTE
    ..\Drivers\STM32F1xx_HAL_Driver\Src\stm32f1xx_hal.c 0x00000000   Number         0  stm32f1xx_hal.o ABSOLUTE
    ..\Drivers\STM32F1xx_HAL_Driver\Src\stm32f1xx_hal_adc.c 0x00000000   Number         0  stm32f1xx_hal_adc.o ABSOLUTE
    ..\Drivers\STM32F1xx_HAL_Driver\Src\stm32f1xx_hal_adc_ex.c 0x00000000   Number         0  stm32f1xx_hal_adc_ex.o ABSOLUTE
    ..\Drivers\STM32F1xx_HAL_Driver\Src\stm32f1xx_hal_cortex.c 0x00000000   Number         0  stm32f1xx_hal_cortex.o ABSOLUTE
    ..\Drivers\STM32F1xx_HAL_Driver\Src\stm32f1xx_hal_dma.c 0x00000000   Number         0  stm32f1xx_hal_dma.o ABSOLUTE
    ..\Drivers\STM32F1xx_HAL_Driver\Src\stm32f1xx_hal_flash.c 0x00000000   Number         0  stm32f1xx_hal_flash.o ABSOLUTE
    ..\Drivers\STM32F1xx_HAL_Driver\Src\stm32f1xx_hal_flash_ex.c 0x00000000   Number         0  stm32f1xx_hal_flash_ex.o ABSOLUTE
    ..\Drivers\STM32F1xx_HAL_Driver\Src\stm32f1xx_hal_gpio.c 0x00000000   Number         0  stm32f1xx_hal_gpio.o ABSOLUTE
    ..\Drivers\STM32F1xx_HAL_Driver\Src\stm32f1xx_hal_gpio_ex.c 0x00000000   Number         0  stm32f1xx_hal_gpio_ex.o ABSOLUTE
    ..\Drivers\STM32F1xx_HAL_Driver\Src\stm32f1xx_hal_pwr.c 0x00000000   Number         0  stm32f1xx_hal_pwr.o ABSOLUTE
    ..\Drivers\STM32F1xx_HAL_Driver\Src\stm32f1xx_hal_rcc.c 0x00000000   Number         0  stm32f1xx_hal_rcc.o ABSOLUTE
    ..\Drivers\STM32F1xx_HAL_Driver\Src\stm32f1xx_hal_rcc_ex.c 0x00000000   Number         0  stm32f1xx_hal_rcc_ex.o ABSOLUTE
    ..\Drivers\STM32F1xx_HAL_Driver\Src\stm32f1xx_hal_tim.c 0x00000000   Number         0  stm32f1xx_hal_tim.o ABSOLUTE
    ..\Drivers\STM32F1xx_HAL_Driver\Src\stm32f1xx_hal_tim_ex.c 0x00000000   Number         0  stm32f1xx_hal_tim_ex.o ABSOLUTE
    ..\Drivers\STM32F1xx_HAL_Driver\Src\stm32f1xx_hal_uart.c 0x00000000   Number         0  stm32f1xx_hal_uart.o ABSOLUTE
    ..\Src\dwt_stm32_delay.c                 0x00000000   Number         0  dwt_stm32_delay.o ABSOLUTE
    ..\Src\main.c                            0x00000000   Number         0  main.o ABSOLUTE
    ..\Src\stm32f1xx_hal_msp.c               0x00000000   Number         0  stm32f1xx_hal_msp.o ABSOLUTE
    ..\Src\stm32f1xx_it.c                    0x00000000   Number         0  stm32f1xx_it.o ABSOLUTE
    ..\Src\system_stm32f1xx.c                0x00000000   Number         0  system_stm32f1xx.o ABSOLUTE
    ..\\Src\\dwt_stm32_delay.c               0x00000000   Number         0  dwt_stm32_delay.o ABSOLUTE
    cdrcmple.s                               0x00000000   Number         0  cdrcmple.o ABSOLUTE
    cfcmple.s                                0x00000000   Number         0  cfcmple.o ABSOLUTE
    cfrcmple.s                               0x00000000   Number         0  cfrcmple.o ABSOLUTE
    dc.s                                     0x00000000   Number         0  dc.o ABSOLUTE
    handlers.s                               0x00000000   Number         0  handlers.o ABSOLUTE
    init.s                                   0x00000000   Number         0  init.o ABSOLUTE
    startup_stm32f103xb.s                    0x00000000   Number         0  startup_stm32f103xb.o ABSOLUTE
    RESET                                    0x08000000   Section      236  startup_stm32f103xb.o(RESET)
    .ARM.Collect$$$$00000000                 0x080000ec   Section        0  entry.o(.ARM.Collect$$$$00000000)
    .ARM.Collect$$$$00000001                 0x080000ec   Section        4  entry2.o(.ARM.Collect$$$$00000001)
    .ARM.Collect$$$$00000004                 0x080000f0   Section        4  entry5.o(.ARM.Collect$$$$00000004)
    .ARM.Collect$$$$00000008                 0x080000f4   Section        0  entry7b.o(.ARM.Collect$$$$00000008)
    .ARM.Collect$$$$0000000A                 0x080000f4   Section        0  entry8b.o(.ARM.Collect$$$$0000000A)
    .ARM.Collect$$$$0000000B                 0x080000f4   Section        8  entry9a.o(.ARM.Collect$$$$0000000B)
    .ARM.Collect$$$$0000000D                 0x080000fc   Section        0  entry10a.o(.ARM.Collect$$$$0000000D)
    .ARM.Collect$$$$0000000F                 0x080000fc   Section        0  entry11a.o(.ARM.Collect$$$$0000000F)
    .ARM.Collect$$$$00002712                 0x080000fc   Section        4  entry2.o(.ARM.Collect$$$$00002712)
    __lit__00000000                          0x080000fc   Data           4  entry2.o(.ARM.Collect$$$$00002712)
    .text                                    0x08000100   Section       36  startup_stm32f103xb.o(.text)
    .text                                    0x08000124   Section        0  llushr.o(.text)
    .text                                    0x08000144   Section        0  memmovea.o(.text)
    .text                                    0x08000184   Section        0  memseta.o(.text)
    .text                                    0x080001a8   Section        0  fadd.o(.text)
    .text                                    0x08000258   Section        0  fmul.o(.text)
    .text                                    0x080002bc   Section        0  fdiv.o(.text)
    .text                                    0x08000338   Section        0  ddiv.o(.text)
    .text                                    0x08000416   Section        0  fflti.o(.text)
    .text                                    0x08000428   Section        0  ffltui.o(.text)
    .text                                    0x08000432   Section        0  dfltui.o(.text)
    .text                                    0x0800044c   Section        0  dfixui.o(.text)
    .text                                    0x0800047e   Section        0  f2d.o(.text)
    .text                                    0x080004a4   Section        0  d2f.o(.text)
    .text                                    0x080004dc   Section       20  cfcmple.o(.text)
    .text                                    0x080004f0   Section       20  cfrcmple.o(.text)
    .text                                    0x08000504   Section        0  iusefp.o(.text)
    .text                                    0x08000504   Section        0  fepilogue.o(.text)
    .text                                    0x08000572   Section        0  depilogue.o(.text)
    .text                                    0x0800062c   Section        0  dadd.o(.text)
    .text                                    0x0800077c   Section       48  cdrcmple.o(.text)
    .text                                    0x080007ac   Section       36  init.o(.text)
    .text                                    0x080007d0   Section        0  llshl.o(.text)
    .text                                    0x080007ee   Section        0  llsshr.o(.text)
    i.ADC1_2_IRQHandler                      0x08000814   Section        0  stm32f1xx_it.o(i.ADC1_2_IRQHandler)
    i.ADC_ConversionStop_Disable             0x08000820   Section        0  stm32f1xx_hal_adc.o(i.ADC_ConversionStop_Disable)
    i.ADC_Enable                             0x0800086c   Section        0  stm32f1xx_hal_adc.o(i.ADC_Enable)
    i.BUZZER_ON_OFF                          0x080008dc   Section        0  main.o(i.BUZZER_ON_OFF)
    i.BusFault_Handler                       0x0800090c   Section        0  stm32f1xx_it.o(i.BusFault_Handler)
    i.DWT_Delay_Init                         0x08000910   Section        0  dwt_stm32_delay.o(i.DWT_Delay_Init)
    i.DWT_Delay_ms                           0x08000954   Section        0  main.o(i.DWT_Delay_ms)
    DWT_Delay_ms                             0x08000955   Thumb Code    36  main.o(i.DWT_Delay_ms)
    i.DebugMon_Handler                       0x0800097c   Section        0  stm32f1xx_it.o(i.DebugMon_Handler)
    i.EXTI0_IRQHandler                       0x0800097e   Section        0  stm32f1xx_it.o(i.EXTI0_IRQHandler)
    i.EXTI1_IRQHandler                       0x08000984   Section        0  stm32f1xx_it.o(i.EXTI1_IRQHandler)
    i.EXTI2_IRQHandler                       0x0800098a   Section        0  stm32f1xx_it.o(i.EXTI2_IRQHandler)
    i.EXTI3_IRQHandler                       0x08000990   Section        0  stm32f1xx_it.o(i.EXTI3_IRQHandler)
    i.EXTI4_IRQHandler                       0x08000996   Section        0  stm32f1xx_it.o(i.EXTI4_IRQHandler)
    i.EXTI9_5_IRQHandler                     0x0800099c   Section        0  stm32f1xx_it.o(i.EXTI9_5_IRQHandler)
    i.FLASH_MassErase                        0x080009b4   Section        0  stm32f1xx_hal_flash_ex.o(i.FLASH_MassErase)
    FLASH_MassErase                          0x080009b5   Thumb Code    26  stm32f1xx_hal_flash_ex.o(i.FLASH_MassErase)
    i.FLASH_PageErase                        0x080009d8   Section        0  stm32f1xx_hal_flash_ex.o(i.FLASH_PageErase)
    i.FLASH_Program_HalfWord                 0x080009fc   Section        0  stm32f1xx_hal_flash.o(i.FLASH_Program_HalfWord)
    FLASH_Program_HalfWord                   0x080009fd   Thumb Code    20  stm32f1xx_hal_flash.o(i.FLASH_Program_HalfWord)
    i.FLASH_SetErrorCode                     0x08000a18   Section        0  stm32f1xx_hal_flash.o(i.FLASH_SetErrorCode)
    FLASH_SetErrorCode                       0x08000a19   Thumb Code    84  stm32f1xx_hal_flash.o(i.FLASH_SetErrorCode)
    i.FLASH_UPDATE                           0x08000a74   Section        0  main.o(i.FLASH_UPDATE)
    i.FLASH_WaitForLastOperation             0x08000bf0   Section        0  stm32f1xx_hal_flash.o(i.FLASH_WaitForLastOperation)
    i.HAL_ADCEx_InjectedConvCpltCallback     0x08000c44   Section        0  stm32f1xx_hal_adc_ex.o(i.HAL_ADCEx_InjectedConvCpltCallback)
    i.HAL_ADC_ConfigChannel                  0x08000c48   Section        0  stm32f1xx_hal_adc.o(i.HAL_ADC_ConfigChannel)
    i.HAL_ADC_ConvCpltCallback               0x08000d44   Section        0  stm32f1xx_hal_adc.o(i.HAL_ADC_ConvCpltCallback)
    i.HAL_ADC_GetValue                       0x08000d46   Section        0  stm32f1xx_hal_adc.o(i.HAL_ADC_GetValue)
    i.HAL_ADC_IRQHandler                     0x08000d4c   Section        0  stm32f1xx_hal_adc.o(i.HAL_ADC_IRQHandler)
    i.HAL_ADC_Init                           0x08000e34   Section        0  stm32f1xx_hal_adc.o(i.HAL_ADC_Init)
    i.HAL_ADC_LevelOutOfWindowCallback       0x08000f50   Section        0  stm32f1xx_hal_adc.o(i.HAL_ADC_LevelOutOfWindowCallback)
    i.HAL_ADC_MspInit                        0x08000f54   Section        0  stm32f1xx_hal_msp.o(i.HAL_ADC_MspInit)
    i.HAL_ADC_Start                          0x08000fbc   Section        0  stm32f1xx_hal_adc.o(i.HAL_ADC_Start)
    i.HAL_DMA_Abort_IT                       0x0800107c   Section        0  stm32f1xx_hal_dma.o(i.HAL_DMA_Abort_IT)
    i.HAL_Delay                              0x08001114   Section        0  stm32f1xx_hal.o(i.HAL_Delay)
    i.HAL_FLASHEx_Erase                      0x08001138   Section        0  stm32f1xx_hal_flash_ex.o(i.HAL_FLASHEx_Erase)
    i.HAL_FLASH_Lock                         0x080011e0   Section        0  stm32f1xx_hal_flash.o(i.HAL_FLASH_Lock)
    i.HAL_FLASH_Program                      0x080011f4   Section        0  stm32f1xx_hal_flash.o(i.HAL_FLASH_Program)
    i.HAL_FLASH_Unlock                       0x08001274   Section        0  stm32f1xx_hal_flash.o(i.HAL_FLASH_Unlock)
    i.HAL_GPIO_EXTI_Callback                 0x0800129c   Section        0  main.o(i.HAL_GPIO_EXTI_Callback)
    i.HAL_GPIO_EXTI_IRQHandler               0x08002164   Section        0  stm32f1xx_hal_gpio.o(i.HAL_GPIO_EXTI_IRQHandler)
    i.HAL_GPIO_Init                          0x0800217c   Section        0  stm32f1xx_hal_gpio.o(i.HAL_GPIO_Init)
    i.HAL_GPIO_ReadPin                       0x08002338   Section        0  stm32f1xx_hal_gpio.o(i.HAL_GPIO_ReadPin)
    i.HAL_GPIO_WritePin                      0x08002342   Section        0  stm32f1xx_hal_gpio.o(i.HAL_GPIO_WritePin)
    i.HAL_GetTick                            0x0800234c   Section        0  stm32f1xx_hal.o(i.HAL_GetTick)
    i.HAL_IncTick                            0x08002358   Section        0  stm32f1xx_hal.o(i.HAL_IncTick)
    i.HAL_Init                               0x08002368   Section        0  stm32f1xx_hal.o(i.HAL_Init)
    i.HAL_InitTick                           0x0800238c   Section        0  stm32f1xx_hal.o(i.HAL_InitTick)
    i.HAL_MspInit                            0x080023cc   Section        0  stm32f1xx_hal_msp.o(i.HAL_MspInit)
    i.HAL_NVIC_EnableIRQ                     0x08002404   Section        0  stm32f1xx_hal_cortex.o(i.HAL_NVIC_EnableIRQ)
    i.HAL_NVIC_SetPriority                   0x0800241c   Section        0  stm32f1xx_hal_cortex.o(i.HAL_NVIC_SetPriority)
    i.HAL_NVIC_SetPriorityGrouping           0x0800245c   Section        0  stm32f1xx_hal_cortex.o(i.HAL_NVIC_SetPriorityGrouping)
    i.HAL_RCCEx_PeriphCLKConfig              0x08002480   Section        0  stm32f1xx_hal_rcc_ex.o(i.HAL_RCCEx_PeriphCLKConfig)
    i.HAL_RCC_ClockConfig                    0x0800256c   Section        0  stm32f1xx_hal_rcc.o(i.HAL_RCC_ClockConfig)
    i.HAL_RCC_GetHCLKFreq                    0x080026d8   Section        0  stm32f1xx_hal_rcc.o(i.HAL_RCC_GetHCLKFreq)
    i.HAL_RCC_GetPCLK1Freq                   0x080026e4   Section        0  stm32f1xx_hal_rcc.o(i.HAL_RCC_GetPCLK1Freq)
    i.HAL_RCC_GetPCLK2Freq                   0x08002704   Section        0  stm32f1xx_hal_rcc.o(i.HAL_RCC_GetPCLK2Freq)
    i.HAL_RCC_GetSysClockFreq                0x08002724   Section        0  stm32f1xx_hal_rcc.o(i.HAL_RCC_GetSysClockFreq)
    i.HAL_RCC_OscConfig                      0x08002798   Section        0  stm32f1xx_hal_rcc.o(i.HAL_RCC_OscConfig)
    i.HAL_SYSTICK_Config                     0x08002a9c   Section        0  stm32f1xx_hal_cortex.o(i.HAL_SYSTICK_Config)
    i.HAL_TIMEx_BreakCallback                0x08002ac4   Section        0  stm32f1xx_hal_tim_ex.o(i.HAL_TIMEx_BreakCallback)
    i.HAL_TIMEx_CommutationCallback          0x08002ac6   Section        0  stm32f1xx_hal_tim_ex.o(i.HAL_TIMEx_CommutationCallback)
    i.HAL_TIMEx_MasterConfigSynchronization  0x08002ac8   Section        0  stm32f1xx_hal_tim_ex.o(i.HAL_TIMEx_MasterConfigSynchronization)
    i.HAL_TIM_Base_Init                      0x08002b18   Section        0  stm32f1xx_hal_tim.o(i.HAL_TIM_Base_Init)
    i.HAL_TIM_Base_MspInit                   0x08002b50   Section        0  stm32f1xx_hal_msp.o(i.HAL_TIM_Base_MspInit)
    i.HAL_TIM_ConfigClockSource              0x08002bb4   Section        0  stm32f1xx_hal_tim.o(i.HAL_TIM_ConfigClockSource)
    i.HAL_TIM_IC_CaptureCallback             0x08002ca6   Section        0  stm32f1xx_hal_tim.o(i.HAL_TIM_IC_CaptureCallback)
    i.HAL_TIM_IRQHandler                     0x08002ca8   Section        0  stm32f1xx_hal_tim.o(i.HAL_TIM_IRQHandler)
    i.HAL_TIM_OC_DelayElapsedCallback        0x08002e0e   Section        0  stm32f1xx_hal_tim.o(i.HAL_TIM_OC_DelayElapsedCallback)
    i.HAL_TIM_OC_Start_IT                    0x08002e10   Section        0  stm32f1xx_hal_tim.o(i.HAL_TIM_OC_Start_IT)
    i.HAL_TIM_PWM_PulseFinishedCallback      0x08002e70   Section        0  stm32f1xx_hal_tim.o(i.HAL_TIM_PWM_PulseFinishedCallback)
    i.HAL_TIM_PeriodElapsedCallback          0x08002e72   Section        0  stm32f1xx_hal_tim.o(i.HAL_TIM_PeriodElapsedCallback)
    i.HAL_TIM_TriggerCallback                0x08002e74   Section        0  stm32f1xx_hal_tim.o(i.HAL_TIM_TriggerCallback)
    i.HAL_UART_ErrorCallback                 0x08002e76   Section        0  stm32f1xx_hal_uart.o(i.HAL_UART_ErrorCallback)
    i.HAL_UART_IRQHandler                    0x08002e78   Section        0  stm32f1xx_hal_uart.o(i.HAL_UART_IRQHandler)
    i.HAL_UART_Init                          0x08002f88   Section        0  stm32f1xx_hal_uart.o(i.HAL_UART_Init)
    i.HAL_UART_MspInit                       0x08002fec   Section        0  stm32f1xx_hal_msp.o(i.HAL_UART_MspInit)
    i.HAL_UART_Receive_IT                    0x080030c8   Section        0  stm32f1xx_hal_uart.o(i.HAL_UART_Receive_IT)
    i.HAL_UART_RxCpltCallback                0x0800311c   Section        0  stm32f1xx_it.o(i.HAL_UART_RxCpltCallback)
    i.HAL_UART_Transmit                      0x08003188   Section        0  stm32f1xx_hal_uart.o(i.HAL_UART_Transmit)
    i.HAL_UART_TxCpltCallback                0x08003242   Section        0  stm32f1xx_hal_uart.o(i.HAL_UART_TxCpltCallback)
    i.HardFault_Handler                      0x08003244   Section        0  stm32f1xx_it.o(i.HardFault_Handler)
    i.LOADCELL_SPAN                          0x08003248   Section        0  main.o(i.LOADCELL_SPAN)
    i.LOADCELL_WEIGHT                        0x080032c0   Section        0  main.o(i.LOADCELL_WEIGHT)
    i.LOADCELL_ZERO                          0x08003334   Section        0  main.o(i.LOADCELL_ZERO)
    i.MX_ADC1_Init                           0x08003378   Section        0  main.o(i.MX_ADC1_Init)
    MX_ADC1_Init                             0x08003379   Thumb Code    80  main.o(i.MX_ADC1_Init)
    i.MX_GPIO_Init                           0x080033d0   Section        0  main.o(i.MX_GPIO_Init)
    MX_GPIO_Init                             0x080033d1   Thumb Code   350  main.o(i.MX_GPIO_Init)
    i.MX_TIM1_Init                           0x08003548   Section        0  main.o(i.MX_TIM1_Init)
    MX_TIM1_Init                             0x08003549   Thumb Code    80  main.o(i.MX_TIM1_Init)
    i.MX_TIM3_Init                           0x080035a0   Section        0  main.o(i.MX_TIM3_Init)
    MX_TIM3_Init                             0x080035a1   Thumb Code    76  main.o(i.MX_TIM3_Init)
    i.MemManage_Handler                      0x080035f4   Section        0  stm32f1xx_it.o(i.MemManage_Handler)
    i.NMI_Handler                            0x080035f6   Section        0  stm32f1xx_it.o(i.NMI_Handler)
    i.NVIC_SetPriority                       0x080035f8   Section        0  stm32f1xx_hal_cortex.o(i.NVIC_SetPriority)
    NVIC_SetPriority                         0x080035f9   Thumb Code    32  stm32f1xx_hal_cortex.o(i.NVIC_SetPriority)
    i.PendSV_Handler                         0x08003618   Section        0  stm32f1xx_it.o(i.PendSV_Handler)
    i.SOL_RUN                                0x0800361c   Section        0  main.o(i.SOL_RUN)
    i.SOL_RUN_                               0x080036a4   Section        0  main.o(i.SOL_RUN_)
    i.SOL_RUN_OFF                            0x0800396c   Section        0  main.o(i.SOL_RUN_OFF)
    i.SOL_RUN_SELECTE                        0x08003a88   Section        0  main.o(i.SOL_RUN_SELECTE)
    i.SOL_TEST_RUN                           0x08003b6c   Section        0  main.o(i.SOL_TEST_RUN)
    i.SVC_Handler                            0x08003e78   Section        0  stm32f1xx_it.o(i.SVC_Handler)
    i.SysTick_Handler                        0x08003e7a   Section        0  stm32f1xx_it.o(i.SysTick_Handler)
    i.SystemClock_Config                     0x08003e7e   Section        0  main.o(i.SystemClock_Config)
    i.SystemInit                             0x08003ee8   Section        0  system_stm32f1xx.o(i.SystemInit)
    i.TIM1_CC_IRQHandler                     0x08003f30   Section        0  stm32f1xx_it.o(i.TIM1_CC_IRQHandler)
    i.TIM3_IRQHandler                        0x08003f34   Section        0  stm32f1xx_it.o(i.TIM3_IRQHandler)
    i.TIM_Base_SetConfig                     0x08003fa4   Section        0  stm32f1xx_hal_tim.o(i.TIM_Base_SetConfig)
    i.TIM_CCxChannelCmd                      0x08004010   Section        0  stm32f1xx_hal_tim.o(i.TIM_CCxChannelCmd)
    i.TIM_ETR_SetConfig                      0x08004026   Section        0  stm32f1xx_hal_tim.o(i.TIM_ETR_SetConfig)
    TIM_ETR_SetConfig                        0x08004027   Thumb Code    20  stm32f1xx_hal_tim.o(i.TIM_ETR_SetConfig)
    i.TIM_ITRx_SetConfig                     0x0800403a   Section        0  stm32f1xx_hal_tim.o(i.TIM_ITRx_SetConfig)
    TIM_ITRx_SetConfig                       0x0800403b   Thumb Code    16  stm32f1xx_hal_tim.o(i.TIM_ITRx_SetConfig)
    i.TIM_TI1_ConfigInputStage               0x0800404a   Section        0  stm32f1xx_hal_tim.o(i.TIM_TI1_ConfigInputStage)
    TIM_TI1_ConfigInputStage                 0x0800404b   Thumb Code    34  stm32f1xx_hal_tim.o(i.TIM_TI1_ConfigInputStage)
    i.TIM_TI2_ConfigInputStage               0x0800406c   Section        0  stm32f1xx_hal_tim.o(i.TIM_TI2_ConfigInputStage)
    TIM_TI2_ConfigInputStage                 0x0800406d   Thumb Code    36  stm32f1xx_hal_tim.o(i.TIM_TI2_ConfigInputStage)
    i.UART_DMAAbortOnError                   0x08004090   Section        0  stm32f1xx_hal_uart.o(i.UART_DMAAbortOnError)
    UART_DMAAbortOnError                     0x08004091   Thumb Code    16  stm32f1xx_hal_uart.o(i.UART_DMAAbortOnError)
    i.UART_EndRxTransfer                     0x080040a0   Section        0  stm32f1xx_hal_uart.o(i.UART_EndRxTransfer)
    UART_EndRxTransfer                       0x080040a1   Thumb Code    28  stm32f1xx_hal_uart.o(i.UART_EndRxTransfer)
    i.UART_Receive_IT                        0x080040bc   Section        0  stm32f1xx_hal_uart.o(i.UART_Receive_IT)
    UART_Receive_IT                          0x080040bd   Thumb Code   150  stm32f1xx_hal_uart.o(i.UART_Receive_IT)
    i.UART_SetConfig                         0x08004154   Section        0  stm32f1xx_hal_uart.o(i.UART_SetConfig)
    UART_SetConfig                           0x08004155   Thumb Code   364  stm32f1xx_hal_uart.o(i.UART_SetConfig)
    i.UART_Transmit_IT                       0x080042c4   Section        0  stm32f1xx_hal_uart.o(i.UART_Transmit_IT)
    UART_Transmit_IT                         0x080042c5   Thumb Code    98  stm32f1xx_hal_uart.o(i.UART_Transmit_IT)
    i.UART_WaitOnFlagUntilTimeout            0x08004326   Section        0  stm32f1xx_hal_uart.o(i.UART_WaitOnFlagUntilTimeout)
    UART_WaitOnFlagUntilTimeout              0x08004327   Thumb Code   100  stm32f1xx_hal_uart.o(i.UART_WaitOnFlagUntilTimeout)
    i.USART1_IRQHandler                      0x0800438c   Section        0  stm32f1xx_it.o(i.USART1_IRQHandler)
    i.USART3_IRQHandler                      0x080043ac   Section        0  stm32f1xx_it.o(i.USART3_IRQHandler)
    i.UsageFault_Handler                     0x080043b8   Section        0  stm32f1xx_it.o(i.UsageFault_Handler)
    i.__scatterload_copy                     0x080043ba   Section       14  handlers.o(i.__scatterload_copy)
    i.__scatterload_null                     0x080043c8   Section        2  handlers.o(i.__scatterload_null)
    i.__scatterload_zeroinit                 0x080043ca   Section       14  handlers.o(i.__scatterload_zeroinit)
    i.ceil                                   0x080043d8   Section        0  ceil.o(i.ceil)
    i.main                                   0x080044b4   Section        0  main.o(i.main)
    i.movingAvg                              0x08004cd0   Section        0  stm32f1xx_it.o(i.movingAvg)
    .constdata                               0x08004cec   Section       16  system_stm32f1xx.o(.constdata)
    .constdata                               0x08004cfc   Section        8  system_stm32f1xx.o(.constdata)
    .data                                    0x20000000   Section       44  main.o(.data)
    .data                                    0x2000002c   Section        1  main.o(.data)
    .data                                    0x20000030   Section        4  main.o(.data)
    .data                                    0x20000034   Section       24  stm32f1xx_it.o(.data)
    .data                                    0x2000004c   Section       12  stm32f1xx_hal.o(.data)
    .data                                    0x20000058   Section        4  system_stm32f1xx.o(.data)
    .bss                                     0x2000005c   Section     3425  main.o(.bss)
    .bss                                     0x20000dbd   Section      256  main.o(.bss)
    .bss                                     0x20000ec0   Section     2000  stm32f1xx_it.o(.bss)
    .bss                                     0x20001690   Section       32  stm32f1xx_hal_flash.o(.bss)
    STACK                                    0x200016b0   Section     1024  startup_stm32f103xb.o(STACK)

    Global Symbols

    Symbol Name                              Value     Ov Type        Size  Object(Section)

    BuildAttributes$$THM_ISAv4$P$D$K$B$S$PE$A:L22UL41UL21$X:L11$S22US41US21$IEEE1$IW$USESV6$~STKCKD$USESV7$~SHL$OTIME$ROPI$IEEEJ$EBA8$MICROLIB$REQ8$PRES8$EABIv2 0x00000000   Number         0  anon$$obj.o ABSOLUTE
    __ARM_use_no_argv                        0x00000000   Number         0  main.o ABSOLUTE
    __cpp_initialize__aeabi_                  - Undefined Weak Reference
    __cxa_finalize                            - Undefined Weak Reference
    __decompress                              - Undefined Weak Reference
    _clock_init                               - Undefined Weak Reference
    _microlib_exit                            - Undefined Weak Reference
    __Vectors_Size                           0x000000ec   Number         0  startup_stm32f103xb.o ABSOLUTE
    __Vectors                                0x08000000   Data           4  startup_stm32f103xb.o(RESET)
    __Vectors_End                            0x080000ec   Data           0  startup_stm32f103xb.o(RESET)
    __main                                   0x080000ed   Thumb Code     0  entry.o(.ARM.Collect$$$$00000000)
    _main_stk                                0x080000ed   Thumb Code     0  entry2.o(.ARM.Collect$$$$00000001)
    _main_scatterload                        0x080000f1   Thumb Code     0  entry5.o(.ARM.Collect$$$$00000004)
    __main_after_scatterload                 0x080000f5   Thumb Code     0  entry5.o(.ARM.Collect$$$$00000004)
    _main_clock                              0x080000f5   Thumb Code     0  entry7b.o(.ARM.Collect$$$$00000008)
    _main_cpp_init                           0x080000f5   Thumb Code     0  entry8b.o(.ARM.Collect$$$$0000000A)
    _main_init                               0x080000f5   Thumb Code     0  entry9a.o(.ARM.Collect$$$$0000000B)
    __rt_final_cpp                           0x080000fd   Thumb Code     0  entry10a.o(.ARM.Collect$$$$0000000D)
    __rt_final_exit                          0x080000fd   Thumb Code     0  entry11a.o(.ARM.Collect$$$$0000000F)
    Reset_Handler                            0x08000101   Thumb Code     8  startup_stm32f103xb.o(.text)
    CAN1_RX1_IRQHandler                      0x0800011b   Thumb Code     0  startup_stm32f103xb.o(.text)
    CAN1_SCE_IRQHandler                      0x0800011b   Thumb Code     0  startup_stm32f103xb.o(.text)
    DMA1_Channel1_IRQHandler                 0x0800011b   Thumb Code     0  startup_stm32f103xb.o(.text)
    DMA1_Channel2_IRQHandler                 0x0800011b   Thumb Code     0  startup_stm32f103xb.o(.text)
    DMA1_Channel3_IRQHandler                 0x0800011b   Thumb Code     0  startup_stm32f103xb.o(.text)
    DMA1_Channel4_IRQHandler                 0x0800011b   Thumb Code     0  startup_stm32f103xb.o(.text)
    DMA1_Channel5_IRQHandler                 0x0800011b   Thumb Code     0  startup_stm32f103xb.o(.text)
    DMA1_Channel6_IRQHandler                 0x0800011b   Thumb Code     0  startup_stm32f103xb.o(.text)
    DMA1_Channel7_IRQHandler                 0x0800011b   Thumb Code     0  startup_stm32f103xb.o(.text)
    EXTI15_10_IRQHandler                     0x0800011b   Thumb Code     0  startup_stm32f103xb.o(.text)
    FLASH_IRQHandler                         0x0800011b   Thumb Code     0  startup_stm32f103xb.o(.text)
    I2C1_ER_IRQHandler                       0x0800011b   Thumb Code     0  startup_stm32f103xb.o(.text)
    I2C1_EV_IRQHandler                       0x0800011b   Thumb Code     0  startup_stm32f103xb.o(.text)
    I2C2_ER_IRQHandler                       0x0800011b   Thumb Code     0  startup_stm32f103xb.o(.text)
    I2C2_EV_IRQHandler                       0x0800011b   Thumb Code     0  startup_stm32f103xb.o(.text)
    PVD_IRQHandler                           0x0800011b   Thumb Code     0  startup_stm32f103xb.o(.text)
    RCC_IRQHandler                           0x0800011b   Thumb Code     0  startup_stm32f103xb.o(.text)
    RTC_Alarm_IRQHandler                     0x0800011b   Thumb Code     0  startup_stm32f103xb.o(.text)
    RTC_IRQHandler                           0x0800011b   Thumb Code     0  startup_stm32f103xb.o(.text)
    SPI1_IRQHandler                          0x0800011b   Thumb Code     0  startup_stm32f103xb.o(.text)
    SPI2_IRQHandler                          0x0800011b   Thumb Code     0  startup_stm32f103xb.o(.text)
    TAMPER_IRQHandler                        0x0800011b   Thumb Code     0  startup_stm32f103xb.o(.text)
    TIM1_BRK_IRQHandler                      0x0800011b   Thumb Code     0  startup_stm32f103xb.o(.text)
    TIM1_TRG_COM_IRQHandler                  0x0800011b   Thumb Code     0  startup_stm32f103xb.o(.text)
    TIM1_UP_IRQHandler                       0x0800011b   Thumb Code     0  startup_stm32f103xb.o(.text)
    TIM2_IRQHandler                          0x0800011b   Thumb Code     0  startup_stm32f103xb.o(.text)
    TIM4_IRQHandler                          0x0800011b   Thumb Code     0  startup_stm32f103xb.o(.text)
    USART2_IRQHandler                        0x0800011b   Thumb Code     0  startup_stm32f103xb.o(.text)
    USBWakeUp_IRQHandler                     0x0800011b   Thumb Code     0  startup_stm32f103xb.o(.text)
    USB_HP_CAN1_TX_IRQHandler                0x0800011b   Thumb Code     0  startup_stm32f103xb.o(.text)
    USB_LP_CAN1_RX0_IRQHandler               0x0800011b   Thumb Code     0  startup_stm32f103xb.o(.text)
    WWDG_IRQHandler                          0x0800011b   Thumb Code     0  startup_stm32f103xb.o(.text)
    __aeabi_llsr                             0x08000125   Thumb Code    32  llushr.o(.text)
    _ll_ushift_r                             0x08000125   Thumb Code     0  llushr.o(.text)
    ___aeabi_memcpy8$move                    0x08000145   Thumb Code     0  memmovea.o(.text)
    __aeabi_memcpy                           0x08000145   Thumb Code    64  memmovea.o(.text)
    __aeabi_memcpy4                          0x08000145   Thumb Code     0  memmovea.o(.text)
    __aeabi_memmove                          0x08000145   Thumb Code     0  memmovea.o(.text)
    __aeabi_memmove4                         0x08000145   Thumb Code     0  memmovea.o(.text)
    __aeabi_memmove8                         0x08000145   Thumb Code     0  memmovea.o(.text)
    __aeabi_memset                           0x08000185   Thumb Code    14  memseta.o(.text)
    __aeabi_memset4                          0x08000185   Thumb Code     0  memseta.o(.text)
    __aeabi_memset8                          0x08000185   Thumb Code     0  memseta.o(.text)
    __aeabi_memclr                           0x08000193   Thumb Code     4  memseta.o(.text)
    __aeabi_memclr4                          0x08000193   Thumb Code     0  memseta.o(.text)
    __aeabi_memclr8                          0x08000193   Thumb Code     0  memseta.o(.text)
    _memset$wrapper                          0x08000197   Thumb Code    18  memseta.o(.text)
    __aeabi_fadd                             0x080001a9   Thumb Code   164  fadd.o(.text)
    __aeabi_fsub                             0x0800024d   Thumb Code     6  fadd.o(.text)
    __aeabi_frsub                            0x08000253   Thumb Code     6  fadd.o(.text)
    __aeabi_fmul                             0x08000259   Thumb Code   100  fmul.o(.text)
    __aeabi_fdiv                             0x080002bd   Thumb Code   124  fdiv.o(.text)
    __aeabi_ddiv                             0x08000339   Thumb Code   222  ddiv.o(.text)
    __aeabi_i2f                              0x08000417   Thumb Code    18  fflti.o(.text)
    __aeabi_ui2f                             0x08000429   Thumb Code    10  ffltui.o(.text)
    __aeabi_ui2d                             0x08000433   Thumb Code    26  dfltui.o(.text)
    __aeabi_d2uiz                            0x0800044d   Thumb Code    50  dfixui.o(.text)
    __aeabi_f2d                              0x0800047f   Thumb Code    38  f2d.o(.text)
    __aeabi_d2f                              0x080004a5   Thumb Code    56  d2f.o(.text)
    __aeabi_cfcmpeq                          0x080004dd   Thumb Code     0  cfcmple.o(.text)
    __aeabi_cfcmple                          0x080004dd   Thumb Code    20  cfcmple.o(.text)
    __aeabi_cfrcmple                         0x080004f1   Thumb Code    20  cfrcmple.o(.text)
    __I$use$fp                               0x08000505   Thumb Code     0  iusefp.o(.text)
    _float_round                             0x08000505   Thumb Code    18  fepilogue.o(.text)
    _float_epilogue                          0x08000517   Thumb Code    92  fepilogue.o(.text)
    _double_round                            0x08000573   Thumb Code    30  depilogue.o(.text)
    _double_epilogue                         0x08000591   Thumb Code   156  depilogue.o(.text)
    __aeabi_dadd                             0x0800062d   Thumb Code   322  dadd.o(.text)
    __aeabi_dsub                             0x0800076f   Thumb Code     6  dadd.o(.text)
    __aeabi_drsub                            0x08000775   Thumb Code     6  dadd.o(.text)
    __aeabi_cdrcmple                         0x0800077d   Thumb Code    48  cdrcmple.o(.text)
    __scatterload                            0x080007ad   Thumb Code    28  init.o(.text)
    __scatterload_rt2                        0x080007ad   Thumb Code     0  init.o(.text)
    __aeabi_llsl                             0x080007d1   Thumb Code    30  llshl.o(.text)
    _ll_shift_l                              0x080007d1   Thumb Code     0  llshl.o(.text)
    __aeabi_lasr                             0x080007ef   Thumb Code    36  llsshr.o(.text)
    _ll_sshift_r                             0x080007ef   Thumb Code     0  llsshr.o(.text)
    ADC1_2_IRQHandler                        0x08000815   Thumb Code     6  stm32f1xx_it.o(i.ADC1_2_IRQHandler)
    ADC_ConversionStop_Disable               0x08000821   Thumb Code    76  stm32f1xx_hal_adc.o(i.ADC_ConversionStop_Disable)
    ADC_Enable                               0x0800086d   Thumb Code   104  stm32f1xx_hal_adc.o(i.ADC_Enable)
    BUZZER_ON_OFF                            0x080008dd   Thumb Code    42  main.o(i.BUZZER_ON_OFF)
    BusFault_Handler                         0x0800090d   Thumb Code     2  stm32f1xx_it.o(i.BusFault_Handler)
    DWT_Delay_Init                           0x08000911   Thumb Code    58  dwt_stm32_delay.o(i.DWT_Delay_Init)
    DebugMon_Handler                         0x0800097d   Thumb Code     2  stm32f1xx_it.o(i.DebugMon_Handler)
    EXTI0_IRQHandler                         0x0800097f   Thumb Code     6  stm32f1xx_it.o(i.EXTI0_IRQHandler)
    EXTI1_IRQHandler                         0x08000985   Thumb Code     6  stm32f1xx_it.o(i.EXTI1_IRQHandler)
    EXTI2_IRQHandler                         0x0800098b   Thumb Code     6  stm32f1xx_it.o(i.EXTI2_IRQHandler)
    EXTI3_IRQHandler                         0x08000991   Thumb Code     6  stm32f1xx_it.o(i.EXTI3_IRQHandler)
    EXTI4_IRQHandler                         0x08000997   Thumb Code     6  stm32f1xx_it.o(i.EXTI4_IRQHandler)
    EXTI9_5_IRQHandler                       0x0800099d   Thumb Code    24  stm32f1xx_it.o(i.EXTI9_5_IRQHandler)
    FLASH_PageErase                          0x080009d9   Thumb Code    28  stm32f1xx_hal_flash_ex.o(i.FLASH_PageErase)
    FLASH_UPDATE                             0x08000a75   Thumb Code   338  main.o(i.FLASH_UPDATE)
    FLASH_WaitForLastOperation               0x08000bf1   Thumb Code    80  stm32f1xx_hal_flash.o(i.FLASH_WaitForLastOperation)
    HAL_ADCEx_InjectedConvCpltCallback       0x08000c45   Thumb Code     2  stm32f1xx_hal_adc_ex.o(i.HAL_ADCEx_InjectedConvCpltCallback)
    HAL_ADC_ConfigChannel                    0x08000c49   Thumb Code   240  stm32f1xx_hal_adc.o(i.HAL_ADC_ConfigChannel)
    HAL_ADC_ConvCpltCallback                 0x08000d45   Thumb Code     2  stm32f1xx_hal_adc.o(i.HAL_ADC_ConvCpltCallback)
    HAL_ADC_GetValue                         0x08000d47   Thumb Code     6  stm32f1xx_hal_adc.o(i.HAL_ADC_GetValue)
    HAL_ADC_IRQHandler                       0x08000d4d   Thumb Code   230  stm32f1xx_hal_adc.o(i.HAL_ADC_IRQHandler)
    HAL_ADC_Init                             0x08000e35   Thumb Code   272  stm32f1xx_hal_adc.o(i.HAL_ADC_Init)
    HAL_ADC_LevelOutOfWindowCallback         0x08000f51   Thumb Code     2  stm32f1xx_hal_adc.o(i.HAL_ADC_LevelOutOfWindowCallback)
    HAL_ADC_MspInit                          0x08000f55   Thumb Code    92  stm32f1xx_hal_msp.o(i.HAL_ADC_MspInit)
    HAL_ADC_Start                            0x08000fbd   Thumb Code   184  stm32f1xx_hal_adc.o(i.HAL_ADC_Start)
    HAL_DMA_Abort_IT                         0x0800107d   Thumb Code   148  stm32f1xx_hal_dma.o(i.HAL_DMA_Abort_IT)
    HAL_Delay                                0x08001115   Thumb Code    32  stm32f1xx_hal.o(i.HAL_Delay)
    HAL_FLASHEx_Erase                        0x08001139   Thumb Code   160  stm32f1xx_hal_flash_ex.o(i.HAL_FLASHEx_Erase)
    HAL_FLASH_Lock                           0x080011e1   Thumb Code    14  stm32f1xx_hal_flash.o(i.HAL_FLASH_Lock)
    HAL_FLASH_Program                        0x080011f5   Thumb Code   120  stm32f1xx_hal_flash.o(i.HAL_FLASH_Program)
    HAL_FLASH_Unlock                         0x08001275   Thumb Code    28  stm32f1xx_hal_flash.o(i.HAL_FLASH_Unlock)
    HAL_GPIO_EXTI_Callback                   0x0800129d   Thumb Code  3766  main.o(i.HAL_GPIO_EXTI_Callback)
    HAL_GPIO_EXTI_IRQHandler                 0x08002165   Thumb Code    18  stm32f1xx_hal_gpio.o(i.HAL_GPIO_EXTI_IRQHandler)
    HAL_GPIO_Init                            0x0800217d   Thumb Code   408  stm32f1xx_hal_gpio.o(i.HAL_GPIO_Init)
    HAL_GPIO_ReadPin                         0x08002339   Thumb Code    10  stm32f1xx_hal_gpio.o(i.HAL_GPIO_ReadPin)
    HAL_GPIO_WritePin                        0x08002343   Thumb Code    10  stm32f1xx_hal_gpio.o(i.HAL_GPIO_WritePin)
    HAL_GetTick                              0x0800234d   Thumb Code     6  stm32f1xx_hal.o(i.HAL_GetTick)
    HAL_IncTick                              0x08002359   Thumb Code    12  stm32f1xx_hal.o(i.HAL_IncTick)
    HAL_Init                                 0x08002369   Thumb Code    32  stm32f1xx_hal.o(i.HAL_Init)
    HAL_InitTick                             0x0800238d   Thumb Code    54  stm32f1xx_hal.o(i.HAL_InitTick)
    HAL_MspInit                              0x080023cd   Thumb Code    48  stm32f1xx_hal_msp.o(i.HAL_MspInit)
    HAL_NVIC_EnableIRQ                       0x08002405   Thumb Code    22  stm32f1xx_hal_cortex.o(i.HAL_NVIC_EnableIRQ)
    HAL_NVIC_SetPriority                     0x0800241d   Thumb Code    60  stm32f1xx_hal_cortex.o(i.HAL_NVIC_SetPriority)
    HAL_NVIC_SetPriorityGrouping             0x0800245d   Thumb Code    26  stm32f1xx_hal_cortex.o(i.HAL_NVIC_SetPriorityGrouping)
    HAL_RCCEx_PeriphCLKConfig                0x08002481   Thumb Code   224  stm32f1xx_hal_rcc_ex.o(i.HAL_RCCEx_PeriphCLKConfig)
    HAL_RCC_ClockConfig                      0x0800256d   Thumb Code   346  stm32f1xx_hal_rcc.o(i.HAL_RCC_ClockConfig)
    HAL_RCC_GetHCLKFreq                      0x080026d9   Thumb Code     6  stm32f1xx_hal_rcc.o(i.HAL_RCC_GetHCLKFreq)
    HAL_RCC_GetPCLK1Freq                     0x080026e5   Thumb Code    20  stm32f1xx_hal_rcc.o(i.HAL_RCC_GetPCLK1Freq)
    HAL_RCC_GetPCLK2Freq                     0x08002705   Thumb Code    20  stm32f1xx_hal_rcc.o(i.HAL_RCC_GetPCLK2Freq)
    HAL_RCC_GetSysClockFreq                  0x08002725   Thumb Code    80  stm32f1xx_hal_rcc.o(i.HAL_RCC_GetSysClockFreq)
    HAL_RCC_OscConfig                        0x08002799   Thumb Code   750  stm32f1xx_hal_rcc.o(i.HAL_RCC_OscConfig)
    HAL_SYSTICK_Config                       0x08002a9d   Thumb Code    40  stm32f1xx_hal_cortex.o(i.HAL_SYSTICK_Config)
    HAL_TIMEx_BreakCallback                  0x08002ac5   Thumb Code     2  stm32f1xx_hal_tim_ex.o(i.HAL_TIMEx_BreakCallback)
    HAL_TIMEx_CommutationCallback            0x08002ac7   Thumb Code     2  stm32f1xx_hal_tim_ex.o(i.HAL_TIMEx_CommutationCallback)
    HAL_TIMEx_MasterConfigSynchronization    0x08002ac9   Thumb Code    80  stm32f1xx_hal_tim_ex.o(i.HAL_TIMEx_MasterConfigSynchronization)
    HAL_TIM_Base_Init                        0x08002b19   Thumb Code    54  stm32f1xx_hal_tim.o(i.HAL_TIM_Base_Init)
    HAL_TIM_Base_MspInit                     0x08002b51   Thumb Code    86  stm32f1xx_hal_msp.o(i.HAL_TIM_Base_MspInit)
    HAL_TIM_ConfigClockSource                0x08002bb5   Thumb Code   242  stm32f1xx_hal_tim.o(i.HAL_TIM_ConfigClockSource)
    HAL_TIM_IC_CaptureCallback               0x08002ca7   Thumb Code     2  stm32f1xx_hal_tim.o(i.HAL_TIM_IC_CaptureCallback)
    HAL_TIM_IRQHandler                       0x08002ca9   Thumb Code   358  stm32f1xx_hal_tim.o(i.HAL_TIM_IRQHandler)
    HAL_TIM_OC_DelayElapsedCallback          0x08002e0f   Thumb Code     2  stm32f1xx_hal_tim.o(i.HAL_TIM_OC_DelayElapsedCallback)
    HAL_TIM_OC_Start_IT                      0x08002e11   Thumb Code    92  stm32f1xx_hal_tim.o(i.HAL_TIM_OC_Start_IT)
    HAL_TIM_PWM_PulseFinishedCallback        0x08002e71   Thumb Code     2  stm32f1xx_hal_tim.o(i.HAL_TIM_PWM_PulseFinishedCallback)
    HAL_TIM_PeriodElapsedCallback            0x08002e73   Thumb Code     2  stm32f1xx_hal_tim.o(i.HAL_TIM_PeriodElapsedCallback)
    HAL_TIM_TriggerCallback                  0x08002e75   Thumb Code     2  stm32f1xx_hal_tim.o(i.HAL_TIM_TriggerCallback)
    HAL_UART_ErrorCallback                   0x08002e77   Thumb Code     2  stm32f1xx_hal_uart.o(i.HAL_UART_ErrorCallback)
    HAL_UART_IRQHandler                      0x08002e79   Thumb Code   266  stm32f1xx_hal_uart.o(i.HAL_UART_IRQHandler)
    HAL_UART_Init                            0x08002f89   Thumb Code    98  stm32f1xx_hal_uart.o(i.HAL_UART_Init)
    HAL_UART_MspInit                         0x08002fed   Thumb Code   198  stm32f1xx_hal_msp.o(i.HAL_UART_MspInit)
    HAL_UART_Receive_IT                      0x080030c9   Thumb Code    82  stm32f1xx_hal_uart.o(i.HAL_UART_Receive_IT)
    HAL_UART_RxCpltCallback                  0x0800311d   Thumb Code    88  stm32f1xx_it.o(i.HAL_UART_RxCpltCallback)
    HAL_UART_Transmit                        0x08003189   Thumb Code   186  stm32f1xx_hal_uart.o(i.HAL_UART_Transmit)
    HAL_UART_TxCpltCallback                  0x08003243   Thumb Code     2  stm32f1xx_hal_uart.o(i.HAL_UART_TxCpltCallback)
    HardFault_Handler                        0x08003245   Thumb Code     2  stm32f1xx_it.o(i.HardFault_Handler)
    LOADCELL_SPAN                            0x08003249   Thumb Code   104  main.o(i.LOADCELL_SPAN)
    LOADCELL_WEIGHT                          0x080032c1   Thumb Code   104  main.o(i.LOADCELL_WEIGHT)
    LOADCELL_ZERO                            0x08003335   Thumb Code    58  main.o(i.LOADCELL_ZERO)
    MemManage_Handler                        0x080035f5   Thumb Code     2  stm32f1xx_it.o(i.MemManage_Handler)
    NMI_Handler                              0x080035f7   Thumb Code     2  stm32f1xx_it.o(i.NMI_Handler)
    PendSV_Handler                           0x08003619   Thumb Code     2  stm32f1xx_it.o(i.PendSV_Handler)
    SOL_RUN                                  0x0800361d   Thumb Code   124  main.o(i.SOL_RUN)
    SOL_RUN_                                 0x080036a5   Thumb Code   694  main.o(i.SOL_RUN_)
    SOL_RUN_OFF                              0x0800396d   Thumb Code   272  main.o(i.SOL_RUN_OFF)
    SOL_RUN_SELECTE                          0x08003a89   Thumb Code   216  main.o(i.SOL_RUN_SELECTE)
    SOL_TEST_RUN                             0x08003b6d   Thumb Code   762  main.o(i.SOL_TEST_RUN)
    SVC_Handler                              0x08003e79   Thumb Code     2  stm32f1xx_it.o(i.SVC_Handler)
    SysTick_Handler                          0x08003e7b   Thumb Code     4  stm32f1xx_it.o(i.SysTick_Handler)
    SystemClock_Config                       0x08003e7f   Thumb Code   104  main.o(i.SystemClock_Config)
    SystemInit                               0x08003ee9   Thumb Code    56  system_stm32f1xx.o(i.SystemInit)
    TIM1_CC_IRQHandler                       0x08003f31   Thumb Code     2  stm32f1xx_it.o(i.TIM1_CC_IRQHandler)
    TIM3_IRQHandler                          0x08003f35   Thumb Code    80  stm32f1xx_it.o(i.TIM3_IRQHandler)
    TIM_Base_SetConfig                       0x08003fa5   Thumb Code    94  stm32f1xx_hal_tim.o(i.TIM_Base_SetConfig)
    TIM_CCxChannelCmd                        0x08004011   Thumb Code    22  stm32f1xx_hal_tim.o(i.TIM_CCxChannelCmd)
    USART1_IRQHandler                        0x0800438d   Thumb Code    22  stm32f1xx_it.o(i.USART1_IRQHandler)
    USART3_IRQHandler                        0x080043ad   Thumb Code     6  stm32f1xx_it.o(i.USART3_IRQHandler)
    UsageFault_Handler                       0x080043b9   Thumb Code     2  stm32f1xx_it.o(i.UsageFault_Handler)
    __scatterload_copy                       0x080043bb   Thumb Code    14  handlers.o(i.__scatterload_copy)
    __scatterload_null                       0x080043c9   Thumb Code     2  handlers.o(i.__scatterload_null)
    __scatterload_zeroinit                   0x080043cb   Thumb Code    14  handlers.o(i.__scatterload_zeroinit)
    ceil                                     0x080043d9   Thumb Code   204  ceil.o(i.ceil)
    main                                     0x080044b5   Thumb Code  2044  main.o(i.main)
    movingAvg                                0x08004cd1   Thumb Code    28  stm32f1xx_it.o(i.movingAvg)
    AHBPrescTable                            0x08004cec   Data          16  system_stm32f1xx.o(.constdata)
    APBPrescTable                            0x08004cfc   Data           8  system_stm32f1xx.o(.constdata)
    Region$$Table$$Base                      0x08004d04   Number         0  anon$$obj.o(Region$$Table)
    Region$$Table$$Limit                     0x08004d24   Number         0  anon$$obj.o(Region$$Table)
    RUN_ACTIVE_NUM                           0x20000000   Data           1  main.o(.data)
    send_count                               0x20000001   Data           1  main.o(.data)
    sendvalue                                0x20000002   Data           1  main.o(.data)
    send_cnt                                 0x20000003   Data           1  main.o(.data)
    SOL_RUN_TIME_INFO                        0x20000004   Data           2  main.o(.data)
    MEASUREMENT_INFO                         0x20000006   Data           2  main.o(.data)
    SOL_SELECT                               0x20000008   Data           4  main.o(.data)
    filtereadValue                           0x2000000c   Data           4  main.o(.data)
    avg                                      0x20000010   Data           4  main.o(.data)
    avg_float                                0x20000014   Data           4  main.o(.data)
    timerCnt                                 0x20000018   Data           4  main.o(.data)
    Grade_speed                              0x2000001c   Data           4  main.o(.data)
    MARKING_INFO                             0x20000020   Data           4  main.o(.data)
    P_SOL_CNT                                0x20000024   Data           8  main.o(.data)
    rxtemp                                   0x2000002c   Data           1  main.o(.data)
    msTimer                                  0x20000030   Data           4  main.o(.data)
    COM_MOD                                  0x20000034   Data           1  stm32f1xx_it.o(.data)
    pos                                      0x20000038   Data           4  stm32f1xx_it.o(.data)
    sum                                      0x2000003c   Data           4  stm32f1xx_it.o(.data)
    len                                      0x20000040   Data           4  stm32f1xx_it.o(.data)
    RxLength                                 0x20000044   Data           4  stm32f1xx_it.o(.data)
    revcnt                                   0x20000048   Data           4  stm32f1xx_it.o(.data)
    uwTickFreq                               0x2000004c   Data           1  stm32f1xx_hal.o(.data)
    uwTickPrio                               0x20000050   Data           4  stm32f1xx_hal.o(.data)
    uwTick                                   0x20000054   Data           4  stm32f1xx_hal.o(.data)
    SystemCoreClock                          0x20000058   Data           4  system_stm32f1xx.o(.data)
    init_run_data                            0x2000005c   Data          64  main.o(.bss)
    data_strem                               0x2000009c   Data        1004  main.o(.bss)
    hadc1                                    0x20000488   Data          48  main.o(.bss)
    htim1                                    0x200004b8   Data          64  main.o(.bss)
    htim3                                    0x200004f8   Data          64  main.o(.bss)
    huart1                                   0x20000538   Data          64  main.o(.bss)
    huart3                                   0x20000578   Data          64  main.o(.bss)
    run_data                                 0x200005b8   Data         256  main.o(.bss)
    txbuff                                   0x200006b8   Data         100  main.o(.bss)
    txbuff_SEND                              0x2000071c   Data        1024  main.o(.bss)
    RearLine                                 0x20000b1c   Data          80  main.o(.bss)
    RearLine_Prt                             0x20000b6c   Data          80  main.o(.bss)
    G_PACKER_CNT                             0x20000bbc   Data           9  main.o(.bss)
    GRADE_PACKER                             0x20000bc5   Data          64  main.o(.bss)
    GRADE_DATA                               0x20000c05   Data         126  main.o(.bss)
    GRADE_INFO                               0x20000c83   Data         198  main.o(.bss)
    PACKER_INFO                              0x20000d49   Data         104  main.o(.bss)
    LOADCELL_INFO                            0x20000db1   Data          12  main.o(.bss)
    rx_data                                  0x20000dbd   Data         256  main.o(.bss)
    arrNumbers                               0x20000ec0   Data        2000  stm32f1xx_it.o(.bss)
    pFlash                                   0x20001690   Data          32  stm32f1xx_hal_flash.o(.bss)
    __initial_sp                             0x20001ab0   Data           0  startup_stm32f103xb.o(STACK)



==============================================================================

Memory Map of the image

  Image Entry point : 0x080000ed

  Load Region LR_IROM1 (Base: 0x08000000, Size: 0x00004d80, Max: 0x00020000, ABSOLUTE)

    Execution Region ER_IROM1 (Exec base: 0x08000000, Load base: 0x08000000, Size: 0x00004d24, Max: 0x00020000, ABSOLUTE)

    Exec Addr    Load Addr    Size         Type   Attr      Idx    E Section Name        Object

    0x08000000   0x08000000   0x000000ec   Data   RO            3    RESET               startup_stm32f103xb.o
    0x080000ec   0x080000ec   0x00000000   Code   RO         2961  * .ARM.Collect$$$$00000000  mc_w.l(entry.o)
    0x080000ec   0x080000ec   0x00000004   Code   RO         3000    .ARM.Collect$$$$00000001  mc_w.l(entry2.o)
    0x080000f0   0x080000f0   0x00000004   Code   RO         3003    .ARM.Collect$$$$00000004  mc_w.l(entry5.o)
    0x080000f4   0x080000f4   0x00000000   Code   RO         3005    .ARM.Collect$$$$00000008  mc_w.l(entry7b.o)
    0x080000f4   0x080000f4   0x00000000   Code   RO         3007    .ARM.Collect$$$$0000000A  mc_w.l(entry8b.o)
    0x080000f4   0x080000f4   0x00000008   Code   RO         3008    .ARM.Collect$$$$0000000B  mc_w.l(entry9a.o)
    0x080000fc   0x080000fc   0x00000000   Code   RO         3010    .ARM.Collect$$$$0000000D  mc_w.l(entry10a.o)
    0x080000fc   0x080000fc   0x00000000   Code   RO         3012    .ARM.Collect$$$$0000000F  mc_w.l(entry11a.o)
    0x080000fc   0x080000fc   0x00000004   Code   RO         3001    .ARM.Collect$$$$00002712  mc_w.l(entry2.o)
    0x08000100   0x08000100   0x00000024   Code   RO            4    .text               startup_stm32f103xb.o
    0x08000124   0x08000124   0x00000020   Code   RO         2964    .text               mc_w.l(llushr.o)
    0x08000144   0x08000144   0x00000040   Code   RO         2968    .text               mc_w.l(memmovea.o)
    0x08000184   0x08000184   0x00000024   Code   RO         2970    .text               mc_w.l(memseta.o)
    0x080001a8   0x080001a8   0x000000b0   Code   RO         2976    .text               mf_w.l(fadd.o)
    0x08000258   0x08000258   0x00000064   Code   RO         2978    .text               mf_w.l(fmul.o)
    0x080002bc   0x080002bc   0x0000007c   Code   RO         2980    .text               mf_w.l(fdiv.o)
    0x08000338   0x08000338   0x000000de   Code   RO         2982    .text               mf_w.l(ddiv.o)
    0x08000416   0x08000416   0x00000012   Code   RO         2984    .text               mf_w.l(fflti.o)
    0x08000428   0x08000428   0x0000000a   Code   RO         2986    .text               mf_w.l(ffltui.o)
    0x08000432   0x08000432   0x0000001a   Code   RO         2988    .text               mf_w.l(dfltui.o)
    0x0800044c   0x0800044c   0x00000032   Code   RO         2990    .text               mf_w.l(dfixui.o)
    0x0800047e   0x0800047e   0x00000026   Code   RO         2992    .text               mf_w.l(f2d.o)
    0x080004a4   0x080004a4   0x00000038   Code   RO         2994    .text               mf_w.l(d2f.o)
    0x080004dc   0x080004dc   0x00000014   Code   RO         2996    .text               mf_w.l(cfcmple.o)
    0x080004f0   0x080004f0   0x00000014   Code   RO         2998    .text               mf_w.l(cfrcmple.o)
    0x08000504   0x08000504   0x00000000   Code   RO         3014    .text               mc_w.l(iusefp.o)
    0x08000504   0x08000504   0x0000006e   Code   RO         3015    .text               mf_w.l(fepilogue.o)
    0x08000572   0x08000572   0x000000ba   Code   RO         3017    .text               mf_w.l(depilogue.o)
    0x0800062c   0x0800062c   0x0000014e   Code   RO         3019    .text               mf_w.l(dadd.o)
    0x0800077a   0x0800077a   0x00000002   PAD
    0x0800077c   0x0800077c   0x00000030   Code   RO         3021    .text               mf_w.l(cdrcmple.o)
    0x080007ac   0x080007ac   0x00000024   Code   RO         3023    .text               mc_w.l(init.o)
    0x080007d0   0x080007d0   0x0000001e   Code   RO         3025    .text               mc_w.l(llshl.o)
    0x080007ee   0x080007ee   0x00000024   Code   RO         3027    .text               mc_w.l(llsshr.o)
    0x08000812   0x08000812   0x00000002   PAD
    0x08000814   0x08000814   0x0000000c   Code   RO          270    i.ADC1_2_IRQHandler  stm32f1xx_it.o
    0x08000820   0x08000820   0x0000004c   Code   RO          565    i.ADC_ConversionStop_Disable  stm32f1xx_hal_adc.o
    0x0800086c   0x0800086c   0x00000070   Code   RO          569    i.ADC_Enable        stm32f1xx_hal_adc.o
    0x080008dc   0x080008dc   0x00000030   Code   RO           13    i.BUZZER_ON_OFF     main.o
    0x0800090c   0x0800090c   0x00000002   Code   RO          271    i.BusFault_Handler  stm32f1xx_it.o
    0x0800090e   0x0800090e   0x00000002   PAD
    0x08000910   0x08000910   0x00000044   Code   RO          502    i.DWT_Delay_Init    dwt_stm32_delay.o
    0x08000954   0x08000954   0x00000028   Code   RO           14    i.DWT_Delay_ms      main.o
    0x0800097c   0x0800097c   0x00000002   Code   RO          272    i.DebugMon_Handler  stm32f1xx_it.o
    0x0800097e   0x0800097e   0x00000006   Code   RO          273    i.EXTI0_IRQHandler  stm32f1xx_it.o
    0x08000984   0x08000984   0x00000006   Code   RO          274    i.EXTI1_IRQHandler  stm32f1xx_it.o
    0x0800098a   0x0800098a   0x00000006   Code   RO          275    i.EXTI2_IRQHandler  stm32f1xx_it.o
    0x08000990   0x08000990   0x00000006   Code   RO          276    i.EXTI3_IRQHandler  stm32f1xx_it.o
    0x08000996   0x08000996   0x00000006   Code   RO          277    i.EXTI4_IRQHandler  stm32f1xx_it.o
    0x0800099c   0x0800099c   0x00000018   Code   RO          278    i.EXTI9_5_IRQHandler  stm32f1xx_it.o
    0x080009b4   0x080009b4   0x00000024   Code   RO         2837    i.FLASH_MassErase   stm32f1xx_hal_flash_ex.o
    0x080009d8   0x080009d8   0x00000024   Code   RO         2842    i.FLASH_PageErase   stm32f1xx_hal_flash_ex.o
    0x080009fc   0x080009fc   0x0000001c   Code   RO         2734    i.FLASH_Program_HalfWord  stm32f1xx_hal_flash.o
    0x08000a18   0x08000a18   0x0000005c   Code   RO         2735    i.FLASH_SetErrorCode  stm32f1xx_hal_flash.o
    0x08000a74   0x08000a74   0x0000017c   Code   RO           16    i.FLASH_UPDATE      main.o
    0x08000bf0   0x08000bf0   0x00000054   Code   RO         2736    i.FLASH_WaitForLastOperation  stm32f1xx_hal_flash.o
    0x08000c44   0x08000c44   0x00000002   Code   RO          747    i.HAL_ADCEx_InjectedConvCpltCallback  stm32f1xx_hal_adc_ex.o
    0x08000c46   0x08000c46   0x00000002   PAD
    0x08000c48   0x08000c48   0x000000fc   Code   RO          571    i.HAL_ADC_ConfigChannel  stm32f1xx_hal_adc.o
    0x08000d44   0x08000d44   0x00000002   Code   RO          572    i.HAL_ADC_ConvCpltCallback  stm32f1xx_hal_adc.o
    0x08000d46   0x08000d46   0x00000006   Code   RO          578    i.HAL_ADC_GetValue  stm32f1xx_hal_adc.o
    0x08000d4c   0x08000d4c   0x000000e6   Code   RO          579    i.HAL_ADC_IRQHandler  stm32f1xx_hal_adc.o
    0x08000e32   0x08000e32   0x00000002   PAD
    0x08000e34   0x08000e34   0x0000011c   Code   RO          580    i.HAL_ADC_Init      stm32f1xx_hal_adc.o
    0x08000f50   0x08000f50   0x00000002   Code   RO          581    i.HAL_ADC_LevelOutOfWindowCallback  stm32f1xx_hal_adc.o
    0x08000f52   0x08000f52   0x00000002   PAD
    0x08000f54   0x08000f54   0x00000068   Code   RO          443    i.HAL_ADC_MspInit   stm32f1xx_hal_msp.o
    0x08000fbc   0x08000fbc   0x000000c0   Code   RO          586    i.HAL_ADC_Start     stm32f1xx_hal_adc.o
    0x0800107c   0x0800107c   0x00000098   Code   RO         2399    i.HAL_DMA_Abort_IT  stm32f1xx_hal_dma.o
    0x08001114   0x08001114   0x00000024   Code   RO         2038    i.HAL_Delay         stm32f1xx_hal.o
    0x08001138   0x08001138   0x000000a8   Code   RO         2843    i.HAL_FLASHEx_Erase  stm32f1xx_hal_flash_ex.o
    0x080011e0   0x080011e0   0x00000014   Code   RO         2740    i.HAL_FLASH_Lock    stm32f1xx_hal_flash.o
    0x080011f4   0x080011f4   0x00000080   Code   RO         2745    i.HAL_FLASH_Program  stm32f1xx_hal_flash.o
    0x08001274   0x08001274   0x00000028   Code   RO         2747    i.HAL_FLASH_Unlock  stm32f1xx_hal_flash.o
    0x0800129c   0x0800129c   0x00000ec8   Code   RO           17    i.HAL_GPIO_EXTI_Callback  main.o
    0x08002164   0x08002164   0x00000018   Code   RO         2333    i.HAL_GPIO_EXTI_IRQHandler  stm32f1xx_hal_gpio.o
    0x0800217c   0x0800217c   0x000001bc   Code   RO         2334    i.HAL_GPIO_Init     stm32f1xx_hal_gpio.o
    0x08002338   0x08002338   0x0000000a   Code   RO         2336    i.HAL_GPIO_ReadPin  stm32f1xx_hal_gpio.o
    0x08002342   0x08002342   0x0000000a   Code   RO         2338    i.HAL_GPIO_WritePin  stm32f1xx_hal_gpio.o
    0x0800234c   0x0800234c   0x0000000c   Code   RO         2042    i.HAL_GetTick       stm32f1xx_hal.o
    0x08002358   0x08002358   0x00000010   Code   RO         2046    i.HAL_IncTick       stm32f1xx_hal.o
    0x08002368   0x08002368   0x00000024   Code   RO         2047    i.HAL_Init          stm32f1xx_hal.o
    0x0800238c   0x0800238c   0x00000040   Code   RO         2048    i.HAL_InitTick      stm32f1xx_hal.o
    0x080023cc   0x080023cc   0x00000038   Code   RO          444    i.HAL_MspInit       stm32f1xx_hal_msp.o
    0x08002404   0x08002404   0x00000016   Code   RO         2494    i.HAL_NVIC_EnableIRQ  stm32f1xx_hal_cortex.o
    0x0800241a   0x0800241a   0x00000002   PAD
    0x0800241c   0x0800241c   0x00000040   Code   RO         2500    i.HAL_NVIC_SetPriority  stm32f1xx_hal_cortex.o
    0x0800245c   0x0800245c   0x00000024   Code   RO         2501    i.HAL_NVIC_SetPriorityGrouping  stm32f1xx_hal_cortex.o
    0x08002480   0x08002480   0x000000ec   Code   RO         2297    i.HAL_RCCEx_PeriphCLKConfig  stm32f1xx_hal_rcc_ex.o
    0x0800256c   0x0800256c   0x0000016c   Code   RO         2194    i.HAL_RCC_ClockConfig  stm32f1xx_hal_rcc.o
    0x080026d8   0x080026d8   0x0000000c   Code   RO         2199    i.HAL_RCC_GetHCLKFreq  stm32f1xx_hal_rcc.o
    0x080026e4   0x080026e4   0x00000020   Code   RO         2201    i.HAL_RCC_GetPCLK1Freq  stm32f1xx_hal_rcc.o
    0x08002704   0x08002704   0x00000020   Code   RO         2202    i.HAL_RCC_GetPCLK2Freq  stm32f1xx_hal_rcc.o
    0x08002724   0x08002724   0x00000074   Code   RO         2203    i.HAL_RCC_GetSysClockFreq  stm32f1xx_hal_rcc.o
    0x08002798   0x08002798   0x00000304   Code   RO         2206    i.HAL_RCC_OscConfig  stm32f1xx_hal_rcc.o
    0x08002a9c   0x08002a9c   0x00000028   Code   RO         2505    i.HAL_SYSTICK_Config  stm32f1xx_hal_cortex.o
    0x08002ac4   0x08002ac4   0x00000002   Code   RO         1472    i.HAL_TIMEx_BreakCallback  stm32f1xx_hal_tim_ex.o
    0x08002ac6   0x08002ac6   0x00000002   Code   RO         1473    i.HAL_TIMEx_CommutationCallback  stm32f1xx_hal_tim_ex.o
    0x08002ac8   0x08002ac8   0x00000050   Code   RO         1489    i.HAL_TIMEx_MasterConfigSynchronization  stm32f1xx_hal_tim_ex.o
    0x08002b18   0x08002b18   0x00000036   Code   RO          843    i.HAL_TIM_Base_Init  stm32f1xx_hal_tim.o
    0x08002b4e   0x08002b4e   0x00000002   PAD
    0x08002b50   0x08002b50   0x00000064   Code   RO          446    i.HAL_TIM_Base_MspInit  stm32f1xx_hal_msp.o
    0x08002bb4   0x08002bb4   0x000000f2   Code   RO          852    i.HAL_TIM_ConfigClockSource  stm32f1xx_hal_tim.o
    0x08002ca6   0x08002ca6   0x00000002   Code   RO          872    i.HAL_TIM_IC_CaptureCallback  stm32f1xx_hal_tim.o
    0x08002ca8   0x08002ca8   0x00000166   Code   RO          885    i.HAL_TIM_IRQHandler  stm32f1xx_hal_tim.o
    0x08002e0e   0x08002e0e   0x00000002   Code   RO          888    i.HAL_TIM_OC_DelayElapsedCallback  stm32f1xx_hal_tim.o
    0x08002e10   0x08002e10   0x00000060   Code   RO          895    i.HAL_TIM_OC_Start_IT  stm32f1xx_hal_tim.o
    0x08002e70   0x08002e70   0x00000002   Code   RO          915    i.HAL_TIM_PWM_PulseFinishedCallback  stm32f1xx_hal_tim.o
    0x08002e72   0x08002e72   0x00000002   Code   RO          922    i.HAL_TIM_PeriodElapsedCallback  stm32f1xx_hal_tim.o
    0x08002e74   0x08002e74   0x00000002   Code   RO          926    i.HAL_TIM_TriggerCallback  stm32f1xx_hal_tim.o
    0x08002e76   0x08002e76   0x00000002   Code   RO         1726    i.HAL_UART_ErrorCallback  stm32f1xx_hal_uart.o
    0x08002e78   0x08002e78   0x00000110   Code   RO         1729    i.HAL_UART_IRQHandler  stm32f1xx_hal_uart.o
    0x08002f88   0x08002f88   0x00000062   Code   RO         1730    i.HAL_UART_Init     stm32f1xx_hal_uart.o
    0x08002fea   0x08002fea   0x00000002   PAD
    0x08002fec   0x08002fec   0x000000dc   Code   RO          448    i.HAL_UART_MspInit  stm32f1xx_hal_msp.o
    0x080030c8   0x080030c8   0x00000052   Code   RO         1735    i.HAL_UART_Receive_IT  stm32f1xx_hal_uart.o
    0x0800311a   0x0800311a   0x00000002   PAD
    0x0800311c   0x0800311c   0x0000006c   Code   RO          279    i.HAL_UART_RxCpltCallback  stm32f1xx_it.o
    0x08003188   0x08003188   0x000000ba   Code   RO         1738    i.HAL_UART_Transmit  stm32f1xx_hal_uart.o
    0x08003242   0x08003242   0x00000002   Code   RO         1741    i.HAL_UART_TxCpltCallback  stm32f1xx_hal_uart.o
    0x08003244   0x08003244   0x00000002   Code   RO          280    i.HardFault_Handler  stm32f1xx_it.o
    0x08003246   0x08003246   0x00000002   PAD
    0x08003248   0x08003248   0x00000078   Code   RO           18    i.LOADCELL_SPAN     main.o
    0x080032c0   0x080032c0   0x00000074   Code   RO           19    i.LOADCELL_WEIGHT   main.o
    0x08003334   0x08003334   0x00000044   Code   RO           20    i.LOADCELL_ZERO     main.o
    0x08003378   0x08003378   0x00000058   Code   RO           21    i.MX_ADC1_Init      main.o
    0x080033d0   0x080033d0   0x00000178   Code   RO           22    i.MX_GPIO_Init      main.o
    0x08003548   0x08003548   0x00000058   Code   RO           23    i.MX_TIM1_Init      main.o
    0x080035a0   0x080035a0   0x00000054   Code   RO           24    i.MX_TIM3_Init      main.o
    0x080035f4   0x080035f4   0x00000002   Code   RO          281    i.MemManage_Handler  stm32f1xx_it.o
    0x080035f6   0x080035f6   0x00000002   Code   RO          282    i.NMI_Handler       stm32f1xx_it.o
    0x080035f8   0x080035f8   0x00000020   Code   RO         2507    i.NVIC_SetPriority  stm32f1xx_hal_cortex.o
    0x08003618   0x08003618   0x00000002   Code   RO          283    i.PendSV_Handler    stm32f1xx_it.o
    0x0800361a   0x0800361a   0x00000002   PAD
    0x0800361c   0x0800361c   0x00000088   Code   RO           25    i.SOL_RUN           main.o
    0x080036a4   0x080036a4   0x000002c8   Code   RO           26    i.SOL_RUN_          main.o
    0x0800396c   0x0800396c   0x0000011c   Code   RO           27    i.SOL_RUN_OFF       main.o
    0x08003a88   0x08003a88   0x000000e4   Code   RO           28    i.SOL_RUN_SELECTE   main.o
    0x08003b6c   0x08003b6c   0x0000030c   Code   RO           29    i.SOL_TEST_RUN      main.o
    0x08003e78   0x08003e78   0x00000002   Code   RO          284    i.SVC_Handler       stm32f1xx_it.o
    0x08003e7a   0x08003e7a   0x00000004   Code   RO          285    i.SysTick_Handler   stm32f1xx_it.o
    0x08003e7e   0x08003e7e   0x00000068   Code   RO           30    i.SystemClock_Config  main.o
    0x08003ee6   0x08003ee6   0x00000002   PAD
    0x08003ee8   0x08003ee8   0x00000048   Code   RO         2923    i.SystemInit        system_stm32f1xx.o
    0x08003f30   0x08003f30   0x00000002   Code   RO          286    i.TIM1_CC_IRQHandler  stm32f1xx_it.o
    0x08003f32   0x08003f32   0x00000002   PAD
    0x08003f34   0x08003f34   0x00000070   Code   RO          287    i.TIM3_IRQHandler   stm32f1xx_it.o
    0x08003fa4   0x08003fa4   0x0000006c   Code   RO          927    i.TIM_Base_SetConfig  stm32f1xx_hal_tim.o
    0x08004010   0x08004010   0x00000016   Code   RO          928    i.TIM_CCxChannelCmd  stm32f1xx_hal_tim.o
    0x08004026   0x08004026   0x00000014   Code   RO          934    i.TIM_ETR_SetConfig  stm32f1xx_hal_tim.o
    0x0800403a   0x0800403a   0x00000010   Code   RO          935    i.TIM_ITRx_SetConfig  stm32f1xx_hal_tim.o
    0x0800404a   0x0800404a   0x00000022   Code   RO          941    i.TIM_TI1_ConfigInputStage  stm32f1xx_hal_tim.o
    0x0800406c   0x0800406c   0x00000024   Code   RO          943    i.TIM_TI2_ConfigInputStage  stm32f1xx_hal_tim.o
    0x08004090   0x08004090   0x00000010   Code   RO         1743    i.UART_DMAAbortOnError  stm32f1xx_hal_uart.o
    0x080040a0   0x080040a0   0x0000001c   Code   RO         1753    i.UART_EndRxTransfer  stm32f1xx_hal_uart.o
    0x080040bc   0x080040bc   0x00000096   Code   RO         1755    i.UART_Receive_IT   stm32f1xx_hal_uart.o
    0x08004152   0x08004152   0x00000002   PAD
    0x08004154   0x08004154   0x00000170   Code   RO         1756    i.UART_SetConfig    stm32f1xx_hal_uart.o
    0x080042c4   0x080042c4   0x00000062   Code   RO         1757    i.UART_Transmit_IT  stm32f1xx_hal_uart.o
    0x08004326   0x08004326   0x00000064   Code   RO         1758    i.UART_WaitOnFlagUntilTimeout  stm32f1xx_hal_uart.o
    0x0800438a   0x0800438a   0x00000002   PAD
    0x0800438c   0x0800438c   0x00000020   Code   RO          288    i.USART1_IRQHandler  stm32f1xx_it.o
    0x080043ac   0x080043ac   0x0000000c   Code   RO          289    i.USART3_IRQHandler  stm32f1xx_it.o
    0x080043b8   0x080043b8   0x00000002   Code   RO          290    i.UsageFault_Handler  stm32f1xx_it.o
    0x080043ba   0x080043ba   0x0000000e   Code   RO         3031    i.__scatterload_copy  mc_w.l(handlers.o)
    0x080043c8   0x080043c8   0x00000002   Code   RO         3032    i.__scatterload_null  mc_w.l(handlers.o)
    0x080043ca   0x080043ca   0x0000000e   Code   RO         3033    i.__scatterload_zeroinit  mc_w.l(handlers.o)
    0x080043d8   0x080043d8   0x000000dc   Code   RO         2958    i.ceil              m_ws.l(ceil.o)
    0x080044b4   0x080044b4   0x0000081c   Code   RO           32    i.main              main.o
    0x08004cd0   0x08004cd0   0x0000001c   Code   RO          291    i.movingAvg         stm32f1xx_it.o
    0x08004cec   0x08004cec   0x00000010   Data   RO         2924    .constdata          system_stm32f1xx.o
    0x08004cfc   0x08004cfc   0x00000008   Data   RO         2925    .constdata          system_stm32f1xx.o
    0x08004d04   0x08004d04   0x00000020   Data   RO         3029    Region$$Table       anon$$obj.o


    Execution Region RW_IRAM1 (Exec base: 0x20000000, Load base: 0x08004d24, Size: 0x00001ab0, Max: 0x00005000, ABSOLUTE)

    Exec Addr    Load Addr    Size         Type   Attr      Idx    E Section Name        Object

    0x20000000   0x08004d24   0x0000002c   Data   RW           37    .data               main.o
    0x2000002c   0x08004d50   0x00000001   Data   RW           46    .data               main.o
    0x2000002d   0x08004d51   0x00000003   PAD
    0x20000030   0x08004d54   0x00000004   Data   RW           48    .data               main.o
    0x20000034   0x08004d58   0x00000018   Data   RW          307    .data               stm32f1xx_it.o
    0x2000004c   0x08004d70   0x0000000c   Data   RW         2054    .data               stm32f1xx_hal.o
    0x20000058   0x08004d7c   0x00000004   Data   RW         2926    .data               system_stm32f1xx.o
    0x2000005c        -       0x00000d61   Zero   RW           33    .bss                main.o
    0x20000dbd        -       0x00000100   Zero   RW           34    .bss                main.o
    0x20000ebd   0x08004d80   0x00000003   PAD
    0x20000ec0        -       0x000007d0   Zero   RW          293    .bss                stm32f1xx_it.o
    0x20001690        -       0x00000020   Zero   RW         2748    .bss                stm32f1xx_hal_flash.o
    0x200016b0        -       0x00000400   Zero   RW            1    STACK               startup_stm32f103xb.o


==============================================================================

Image component sizes


      Code (inc. data)   RO Data    RW Data    ZI Data      Debug   Object Name

        68         10          0          0          0        605   dwt_stm32_delay.o
      9512        448          0         49       3681     488428   main.o
        36          8        236          0       1024        872   startup_stm32f103xb.o
       164         28          0         12          0       6473   stm32f1xx_hal.o
      1156         40          0          0          0       7911   stm32f1xx_hal_adc.o
         2          0          0          0          0       1201   stm32f1xx_hal_adc_ex.o
       194         14          0          0          0      26179   stm32f1xx_hal_cortex.o
       152          4          0          0          0       1247   stm32f1xx_hal_dma.o
       392         46          0          0         32       5302   stm32f1xx_hal_flash.o
       240         26          0          0          0       3533   stm32f1xx_hal_flash_ex.o
       488         42          0          0          0       4466   stm32f1xx_hal_gpio.o
       480         56          0          0          0       3350   stm32f1xx_hal_msp.o
      1328        106          0          0          0       6200   stm32f1xx_hal_rcc.o
       236         12          0          0          0       1528   stm32f1xx_hal_rcc_ex.o
       996         18          0          0          0      11881   stm32f1xx_hal_tim.o
        84          0          0          0          0       2618   stm32f1xx_hal_tim_ex.o
      1402         10          0          0          0      10239   stm32f1xx_hal_uart.o
       380         74          0         24       2000      13592   stm32f1xx_it.o
        72         16         24          4          0       1375   system_stm32f1xx.o

    ----------------------------------------------------------------------
     17410        958        292         92       6740     597000   Object Totals
         0          0         32          0          0          0   (incl. Generated)
        28          0          0          3          3          0   (incl. Padding)

    ----------------------------------------------------------------------

      Code (inc. data)   RO Data    RW Data    ZI Data      Debug   Library Member Name

       220         16          0          0          0         84   ceil.o
         0          0          0          0          0          0   entry.o
         0          0          0          0          0          0   entry10a.o
         0          0          0          0          0          0   entry11a.o
         8          4          0          0          0          0   entry2.o
         4          0          0          0          0          0   entry5.o
         0          0          0          0          0          0   entry7b.o
         0          0          0          0          0          0   entry8b.o
         8          4          0          0          0          0   entry9a.o
        30          0          0          0          0          0   handlers.o
        36          8          0          0          0         68   init.o
         0          0          0          0          0          0   iusefp.o
        30          0          0          0          0         68   llshl.o
        36          0          0          0          0         68   llsshr.o
        32          0          0          0          0         68   llushr.o
        64          0          0          0          0         76   memmovea.o
        36          0          0          0          0        108   memseta.o
        48          0          0          0          0         68   cdrcmple.o
        20          0          0          0          0         68   cfcmple.o
        20          0          0          0          0         68   cfrcmple.o
        56          0          0          0          0         88   d2f.o
       334          0          0          0          0        148   dadd.o
       222          0          0          0          0        100   ddiv.o
       186          0          0          0          0        176   depilogue.o
        50          0          0          0          0         76   dfixui.o
        26          0          0          0          0         76   dfltui.o
        38          0          0          0          0         68   f2d.o
       176          0          0          0          0        140   fadd.o
       124          0          0          0          0         88   fdiv.o
       110          0          0          0          0        168   fepilogue.o
        18          0          0          0          0         68   fflti.o
        10          0          0          0          0         68   ffltui.o
       100          0          0          0          0         76   fmul.o

    ----------------------------------------------------------------------
      2046         32          0          0          0       2084   Library Totals
         4          0          0          0          0          0   (incl. Padding)

    ----------------------------------------------------------------------

      Code (inc. data)   RO Data    RW Data    ZI Data      Debug   Library Name

       220         16          0          0          0         84   m_ws.l
       284         16          0          0          0        456   mc_w.l
      1538          0          0          0          0       1544   mf_w.l

    ----------------------------------------------------------------------
      2046         32          0          0          0       2084   Library Totals

    ----------------------------------------------------------------------

==============================================================================


      Code (inc. data)   RO Data    RW Data    ZI Data      Debug   

     19456        990        292         92       6740     592268   Grand Totals
     19456        990        292         92       6740     592268   ELF Image Totals
     19456        990        292         92          0          0   ROM Totals

==============================================================================

    Total RO  Size (Code + RO Data)                19748 (  19.29kB)
    Total RW  Size (RW Data + ZI Data)              6832 (   6.67kB)
    Total ROM Size (Code + RO Data + RW Data)      19840 (  19.38kB)

==============================================================================

